Archive member included to satisfy reference by file (symbol)

/opt/st/stm32cubeide_1.6.0/plugins/com.st.stm32cube.ide.mcu.externaltools.gnu-tools-for-stm32.9-2020-q2-update.linux64_1.5.0.202011040924/tools/bin/../lib/gcc/arm-none-eabi/9.3.1/../../../../arm-none-eabi/lib/thumb/v7e-m+fp/hard/libstdc++_nano.a(pure.o)
                              Core/Src/roshandler.o (__cxa_pure_virtual)
/opt/st/stm32cubeide_1.6.0/plugins/com.st.stm32cube.ide.mcu.externaltools.gnu-tools-for-stm32.9-2020-q2-update.linux64_1.5.0.202011040924/tools/bin/../lib/gcc/arm-none-eabi/9.3.1/../../../../arm-none-eabi/lib/thumb/v7e-m+fp/hard/libstdc++_nano.a(eh_terminate.o)
                              /opt/st/stm32cubeide_1.6.0/plugins/com.st.stm32cube.ide.mcu.externaltools.gnu-tools-for-stm32.9-2020-q2-update.linux64_1.5.0.202011040924/tools/bin/../lib/gcc/arm-none-eabi/9.3.1/../../../../arm-none-eabi/lib/thumb/v7e-m+fp/hard/libstdc++_nano.a(pure.o) (std::terminate())
/opt/st/stm32cubeide_1.6.0/plugins/com.st.stm32cube.ide.mcu.externaltools.gnu-tools-for-stm32.9-2020-q2-update.linux64_1.5.0.202011040924/tools/bin/../lib/gcc/arm-none-eabi/9.3.1/../../../../arm-none-eabi/lib/thumb/v7e-m+fp/hard/libstdc++_nano.a(eh_unex_handler.o)
                              /opt/st/stm32cubeide_1.6.0/plugins/com.st.stm32cube.ide.mcu.externaltools.gnu-tools-for-stm32.9-2020-q2-update.linux64_1.5.0.202011040924/tools/bin/../lib/gcc/arm-none-eabi/9.3.1/../../../../arm-none-eabi/lib/thumb/v7e-m+fp/hard/libstdc++_nano.a(eh_terminate.o) (__cxxabiv1::__unexpected_handler)
/opt/st/stm32cubeide_1.6.0/plugins/com.st.stm32cube.ide.mcu.externaltools.gnu-tools-for-stm32.9-2020-q2-update.linux64_1.5.0.202011040924/tools/bin/../lib/gcc/arm-none-eabi/9.3.1/../../../../arm-none-eabi/lib/thumb/v7e-m+fp/hard/libstdc++_nano.a(eh_term_handler.o)
                              /opt/st/stm32cubeide_1.6.0/plugins/com.st.stm32cube.ide.mcu.externaltools.gnu-tools-for-stm32.9-2020-q2-update.linux64_1.5.0.202011040924/tools/bin/../lib/gcc/arm-none-eabi/9.3.1/../../../../arm-none-eabi/lib/thumb/v7e-m+fp/hard/libstdc++_nano.a(eh_terminate.o) (__cxxabiv1::__terminate_handler)
/opt/st/stm32cubeide_1.6.0/plugins/com.st.stm32cube.ide.mcu.externaltools.gnu-tools-for-stm32.9-2020-q2-update.linux64_1.5.0.202011040924/tools/bin/../lib/gcc/arm-none-eabi/9.3.1/../../../../arm-none-eabi/lib/thumb/v7e-m+fp/hard/libc_nano.a(lib_a-abort.o)
                              /opt/st/stm32cubeide_1.6.0/plugins/com.st.stm32cube.ide.mcu.externaltools.gnu-tools-for-stm32.9-2020-q2-update.linux64_1.5.0.202011040924/tools/bin/../lib/gcc/arm-none-eabi/9.3.1/../../../../arm-none-eabi/lib/thumb/v7e-m+fp/hard/libstdc++_nano.a(eh_terminate.o) (abort)
/opt/st/stm32cubeide_1.6.0/plugins/com.st.stm32cube.ide.mcu.externaltools.gnu-tools-for-stm32.9-2020-q2-update.linux64_1.5.0.202011040924/tools/bin/../lib/gcc/arm-none-eabi/9.3.1/../../../../arm-none-eabi/lib/thumb/v7e-m+fp/hard/libc_nano.a(lib_a-errno.o)
                              Core/Src/syscalls.o (__errno)
/opt/st/stm32cubeide_1.6.0/plugins/com.st.stm32cube.ide.mcu.externaltools.gnu-tools-for-stm32.9-2020-q2-update.linux64_1.5.0.202011040924/tools/bin/../lib/gcc/arm-none-eabi/9.3.1/../../../../arm-none-eabi/lib/thumb/v7e-m+fp/hard/libc_nano.a(lib_a-exit.o)
                              /opt/st/stm32cubeide_1.6.0/plugins/com.st.stm32cube.ide.mcu.externaltools.gnu-tools-for-stm32.9-2020-q2-update.linux64_1.5.0.202011040924/tools/bin/../lib/gcc/arm-none-eabi/9.3.1/../../../../arm-none-eabi/lib/thumb/v7e-m+fp/hard/crt0.o (exit)
/opt/st/stm32cubeide_1.6.0/plugins/com.st.stm32cube.ide.mcu.externaltools.gnu-tools-for-stm32.9-2020-q2-update.linux64_1.5.0.202011040924/tools/bin/../lib/gcc/arm-none-eabi/9.3.1/../../../../arm-none-eabi/lib/thumb/v7e-m+fp/hard/libc_nano.a(lib_a-impure.o)
                              /opt/st/stm32cubeide_1.6.0/plugins/com.st.stm32cube.ide.mcu.externaltools.gnu-tools-for-stm32.9-2020-q2-update.linux64_1.5.0.202011040924/tools/bin/../lib/gcc/arm-none-eabi/9.3.1/../../../../arm-none-eabi/lib/thumb/v7e-m+fp/hard/libc_nano.a(lib_a-exit.o) (_global_impure_ptr)
/opt/st/stm32cubeide_1.6.0/plugins/com.st.stm32cube.ide.mcu.externaltools.gnu-tools-for-stm32.9-2020-q2-update.linux64_1.5.0.202011040924/tools/bin/../lib/gcc/arm-none-eabi/9.3.1/../../../../arm-none-eabi/lib/thumb/v7e-m+fp/hard/libc_nano.a(lib_a-init.o)
                              /opt/st/stm32cubeide_1.6.0/plugins/com.st.stm32cube.ide.mcu.externaltools.gnu-tools-for-stm32.9-2020-q2-update.linux64_1.5.0.202011040924/tools/bin/../lib/gcc/arm-none-eabi/9.3.1/../../../../arm-none-eabi/lib/thumb/v7e-m+fp/hard/crt0.o (__libc_init_array)
/opt/st/stm32cubeide_1.6.0/plugins/com.st.stm32cube.ide.mcu.externaltools.gnu-tools-for-stm32.9-2020-q2-update.linux64_1.5.0.202011040924/tools/bin/../lib/gcc/arm-none-eabi/9.3.1/../../../../arm-none-eabi/lib/thumb/v7e-m+fp/hard/libc_nano.a(lib_a-memcpy-stub.o)
                              Core/Src/roshandler.o (memcpy)
[...]
Memory Configuration

Name             Origin             Length             Attributes
CCMRAM           0x0000000010000000 0x0000000000010000 xrw
RAM              0x0000000020000000 0x0000000000030000 xrw
FLASH            0x0000000008000000 0x0000000000200000 xr
*default*        0x0000000000000000 0xffffffffffffffff

Linker script and memory map

LOAD /opt/st/stm32cubeide_1.6.0/plugins/com.st.stm32cube.ide.mcu.externaltools.gnu-tools-for-stm32.9-2020-q2-update.linux64_1.5.0.202011040924/tools/bin/../lib/gcc/arm-none-eabi/9.3.1/thumb/v7e-m+fp/hard/crti.o
LOAD /opt/st/stm32cubeide_1.6.0/plugins/com.st.stm32cube.ide.mcu.externaltools.gnu-tools-for-stm32.9-2020-q2-update.linux64_1.5.0.202011040924/tools/bin/../lib/gcc/arm-none-eabi/9.3.1/thumb/v7e-m+fp/hard/crtbegin.o
LOAD /opt/st/stm32cubeide_1.6.0/plugins/com.st.stm32cube.ide.mcu.externaltools.gnu-tools-for-stm32.9-2020-q2-update.linux64_1.5.0.202011040924/tools/bin/../lib/gcc/arm-none-eabi/9.3.1/../../../../arm-none-eabi/lib/thumb/v7e-m+fp/hard/crt0.o
LOAD Core/Src/BNO055.o
LOAD Core/Src/duration.o
LOAD Core/Src/main.o
LOAD Core/Src/roshandler.o
LOAD Core/Src/stm32f4xx_hal_msp.o
LOAD Core/Src/stm32f4xx_it.o
LOAD Core/Src/syscalls.o
LOAD Core/Src/sysmem.o
LOAD Core/Src/system_stm32f4xx.o
LOAD Core/Src/time.o
LOAD Core/Startup/startup_stm32f429zitx.o
LOAD Drivers/STM32F4xx_HAL_Driver/Src/stm32f4xx_hal.o
LOAD Drivers/STM32F4xx_HAL_Driver/Src/stm32f4xx_hal_cortex.o
LOAD Drivers/STM32F4xx_HAL_Driver/Src/stm32f4xx_hal_dma.o
LOAD Drivers/STM32F4xx_HAL_Driver/Src/stm32f4xx_hal_dma_ex.o
LOAD Drivers/STM32F4xx_HAL_Driver/Src/stm32f4xx_hal_exti.o
LOAD Drivers/STM32F4xx_HAL_Driver/Src/stm32f4xx_hal_flash.o
LOAD Drivers/STM32F4xx_HAL_Driver/Src/stm32f4xx_hal_flash_ex.o
LOAD Drivers/STM32F4xx_HAL_Driver/Src/stm32f4xx_hal_flash_ramfunc.o
LOAD Drivers/STM32F4xx_HAL_Driver/Src/stm32f4xx_hal_gpio.o
LOAD Drivers/STM32F4xx_HAL_Driver/Src/stm32f4xx_hal_i2c.o
LOAD Drivers/STM32F4xx_HAL_Driver/Src/stm32f4xx_hal_i2c_ex.o
LOAD Drivers/STM32F4xx_HAL_Driver/Src/stm32f4xx_hal_pwr.o
LOAD Drivers/STM32F4xx_HAL_Driver/Src/stm32f4xx_hal_pwr_ex.o
LOAD Drivers/STM32F4xx_HAL_Driver/Src/stm32f4xx_hal_rcc.o
LOAD Drivers/STM32F4xx_HAL_Driver/Src/stm32f4xx_hal_rcc_ex.o
LOAD Drivers/STM32F4xx_HAL_Driver/Src/stm32f4xx_hal_tim.o
LOAD Drivers/STM32F4xx_HAL_Driver/Src/stm32f4xx_hal_tim_ex.o
LOAD Drivers/STM32F4xx_HAL_Driver/Src/stm32f4xx_hal_uart.o
START GROUP
LOAD /opt/st/stm32cubeide_1.6.0/plugins/com.st.stm32cube.ide.mcu.externaltools.gnu-tools-for-stm32.9-2020-q2-update.linux64_1.5.0.202011040924/tools/bin/../lib/gcc/arm-none-eabi/9.3.1/../../../../arm-none-eabi/lib/thumb/v7e-m+fp/hard/libstdc++_nano.a
LOAD /opt/st/stm32cubeide_1.6.0/plugins/com.st.stm32cube.ide.mcu.externaltools.gnu-tools-for-stm32.9-2020-q2-update.linux64_1.5.0.202011040924/tools/bin/../lib/gcc/arm-none-eabi/9.3.1/../../../../arm-none-eabi/lib/thumb/v7e-m+fp/hard/libsupc++_nano.a
END GROUP
LOAD /opt/st/stm32cubeide_1.6.0/plugins/com.st.stm32cube.ide.mcu.externaltools.gnu-tools-for-stm32.9-2020-q2-update.linux64_1.5.0.202011040924/tools/bin/../lib/gcc/arm-none-eabi/9.3.1/../../../../arm-none-eabi/lib/thumb/v7e-m+fp/hard/libstdc++_nano.a
LOAD /opt/st/stm32cubeide_1.6.0/plugins/com.st.stm32cube.ide.mcu.externaltools.gnu-tools-for-stm32.9-2020-q2-update.linux64_1.5.0.202011040924/tools/bin/../lib/gcc/arm-none-eabi/9.3.1/../../../../arm-none-eabi/lib/thumb/v7e-m+fp/hard/libm.a
LOAD /opt/st/stm32cubeide_1.6.0/plugins/com.st.stm32cube.ide.mcu.externaltools.gnu-tools-for-stm32.9-2020-q2-update.linux64_1.5.0.202011040924/tools/bin/../lib/gcc/arm-none-eabi/9.3.1/../../../../arm-none-eabi/lib/thumb/v7e-m+fp/hard/libc_nano.a
START GROUP
LOAD /opt/st/stm32cubeide_1.6.0/plugins/com.st.stm32cube.ide.mcu.externaltools.gnu-tools-for-stm32.9-2020-q2-update.linux64_1.5.0.202011040924/tools/bin/../lib/gcc/arm-none-eabi/9.3.1/thumb/v7e-m+fp/hard/libgcc.a
LOAD /opt/st/stm32cubeide_1.6.0/plugins/com.st.stm32cube.ide.mcu.externaltools.gnu-tools-for-stm32.9-2020-q2-update.linux64_1.5.0.202011040924/tools/bin/../lib/gcc/arm-none-eabi/9.3.1/../../../../arm-none-eabi/lib/thumb/v7e-m+fp/hard/libc_nano.a
END GROUP
START GROUP
LOAD /opt/st/stm32cubeide_1.6.0/plugins/com.st.stm32cube.ide.mcu.externaltools.gnu-tools-for-stm32.9-2020-q2-update.linux64_1.5.0.202011040924/tools/bin/../lib/gcc/arm-none-eabi/9.3.1/thumb/v7e-m+fp/hard/libgcc.a
LOAD /opt/st/stm32cubeide_1.6.0/plugins/com.st.stm32cube.ide.mcu.externaltools.gnu-tools-for-stm32.9-2020-q2-update.linux64_1.5.0.202011040924/tools/bin/../lib/gcc/arm-none-eabi/9.3.1/../../../../arm-none-eabi/lib/thumb/v7e-m+fp/hard/libc_nano.a
END GROUP
LOAD /opt/st/stm32cubeide_1.6.0/plugins/com.st.stm32cube.ide.mcu.externaltools.gnu-tools-for-stm32.9-2020-q2-update.linux64_1.5.0.202011040924/tools/bin/../lib/gcc/arm-none-eabi/9.3.1/thumb/v7e-m+fp/hard/crtend.o
LOAD /opt/st/stm32cubeide_1.6.0/plugins/com.st.stm32cube.ide.mcu.externaltools.gnu-tools-for-stm32.9-2020-q2-update.linux64_1.5.0.202011040924/tools/bin/../lib/gcc/arm-none-eabi/9.3.1/thumb/v7e-m+fp/hard/crtn.o
                0x0000000020030000                _estack = (ORIGIN (RAM) + LENGTH (RAM))
                0x0000000000000200                _Min_Heap_Size = 0x200
                0x0000000000000400                _Min_Stack_Size = 0x400

.isr_vector     0x0000000008000000      0x1ac
                0x0000000008000000                . = ALIGN (0x4)
 *(.isr_vector)
 .isr_vector    0x0000000008000000      0x1ac Core/Startup/startup_stm32f429zitx.o
                0x0000000008000000                g_pfnVectors
                0x00000000080001ac                . = ALIGN (0x4)

.text           0x00000000080001ac     0x8cc4
                0x00000000080001ac                . = ALIGN (0x4)
 *(.text)
 .text          0x00000000080001ac       0x40 /opt/st/stm32cubeide_1.6.0/plugins/com.st.stm32cube.ide.mcu.externaltools.gnu-tools-for-stm32.9-2020-q2-update.linux64_1.5.0.202011040924/tools/bin/../lib/gcc/arm-none-eabi/9.3.1/thumb/v7e-m+fp/hard/crtbegin.o
 .text          0x00000000080001ec       0x10 /opt/st/stm32cubeide_1.6.0/plugins/com.st.stm32cube.ide.mcu.externaltools.gnu-tools-for-stm32.9-2020-q2-update.linux64_1.5.0.202011040924/tools/bin/../lib/gcc/arm-none-eabi/9.3.1/../../../../arm-none-eabi/lib/thumb/v7e-m+fp/hard/libc_nano.a(lib_a-strlen.o)
                0x00000000080001ec                strlen
 .text          0x00000000080001fc      0x378 /opt/st/stm32cubeide_1.6.0/plugins/com.st.stm32cube.ide.mcu.externaltools.gnu-tools-for-stm32.9-2020-q2-update.linux64_1.5.0.202011040924/tools/bin/../lib/gcc/arm-none-eabi/9.3.1/thumb/v7e-m+fp/hard/libgcc.a(_arm_addsubdf3.o)
                0x00000000080001fc                __aeabi_drsub
                0x0000000008000204                __aeabi_dsub
                0x0000000008000204                __subdf3
                0x0000000008000208                __adddf3
                0x0000000008000208                __aeabi_dadd
                0x0000000008000480                __aeabi_ui2d
                0x0000000008000480                __floatunsidf
                0x00000000080004a0                __floatsidf
                0x00000000080004a0                __aeabi_i2d
                0x00000000080004c4                __extendsfdf2
                0x00000000080004c4                __aeabi_f2d
                0x0000000008000508                __aeabi_ul2d
                0x0000000008000508                __floatundidf
                0x0000000008000518                __floatdidf
                0x0000000008000518                __aeabi_l2d
 .text          0x0000000008000574       0x30 /opt/st/stm32cubeide_1.6.0/plugins/com.st.stm32cube.ide.mcu.externaltools.gnu-tools-for-stm32.9-2020-q2-update.linux64_1.5.0.202011040924/tools/bin/../lib/gcc/arm-none-eabi/9.3.1/thumb/v7e-m+fp/hard/libgcc.a(_aeabi_uldivmod.o)
                0x0000000008000574                __aeabi_uldivmod
 .text          0x00000000080005a4      0x2c4 /opt/st/stm32cubeide_1.6.0/plugins/com.st.stm32cube.ide.mcu.externaltools.gnu-tools-for-stm32.9-2020-q2-update.linux64_1.5.0.202011040924/tools/bin/../lib/gcc/arm-none-eabi/9.3.1/thumb/v7e-m+fp/hard/libgcc.a(_udivmoddi4.o)
                0x00000000080005a4                __udivmoddi4
 .text          0x0000000008000868        0x4 /opt/st/stm32cubeide_1.6.0/plugins/com.st.stm32cube.ide.mcu.externaltools.gnu-tools-for-stm32.9-2020-q2-update.linux64_1.5.0.202011040924/tools/bin/../lib/gcc/arm-none-eabi/9.3.1/thumb/v7e-m+fp/hard/libgcc.a(_dvmd_tls.o)
                0x0000000008000868                __aeabi_ldiv0
                0x0000000008000868                __aeabi_idiv0
 *(.text*)
 .text.BNO055_Init_I2C
                0x000000000800086c      0x1b8 Core/Src/BNO055.o
                0x000000000800086c                BNO055_Init_I2C
 .text.GetEulData
                0x0000000008000a24       0x30 Core/Src/BNO055.o
                0x0000000008000a24                GetEulData
 .text.GetQuaDataX
                0x0000000008000a54       0x30 Core/Src/BNO055.o
                0x0000000008000a54                GetQuaDataX
 .text.GetQuaDataY
                0x0000000008000a84       0x30 Core/Src/BNO055.o
                0x0000000008000a84                GetQuaDataY
 .text.GetQuaDataZ
                0x0000000008000ab4       0x30 Core/Src/BNO055.o
                0x0000000008000ab4                GetQuaDataZ
 .text.GetQuaDataW
                0x0000000008000ae4       0x30 Core/Src/BNO055.o
                0x0000000008000ae4                GetQuaDataW
 .text.getIMU   0x0000000008000b14      0x188 Core/Src/BNO055.o
                0x0000000008000b14                getIMU
 .text.main     0x0000000008000c9c       0x44 Core/Src/main.o
                0x0000000008000c9c                main
 .text.SystemClock_Config
                0x0000000008000ce0       0xd8 Core/Src/main.o
                0x0000000008000ce0                SystemClock_Config
 .text.MX_I2C1_Init
                0x0000000008000db8       0x80 Core/Src/main.o
 .text.MX_USART3_UART_Init
                0x0000000008000e38       0x54 Core/Src/main.o
 .text.MX_DMA_Init
                0x0000000008000e8c       0x70 Core/Src/main.o
 .text.MX_GPIO_Init
                0x0000000008000efc      0x15c Core/Src/main.o
 .text.Error_Handler
                0x0000000008001058        0xa Core/Src/main.o
                0x0000000008001058                Error_Handler
 .text._ZN3ros4TimeC2Ev
                0x0000000008001062       0x22 Core/Src/roshandler.o
                0x0000000008001062                ros::Time::Time()
                0x0000000008001062                ros::Time::Time()
 .text._ZN3ros3MsgC2Ev
                0x0000000008001084       0x20 Core/Src/roshandler.o
                0x0000000008001084                ros::Msg::Msg()
                0x0000000008001084                ros::Msg::Msg()
 .text._ZN8std_msgs4TimeC2Ev
                0x00000000080010a4       0x30 Core/Src/roshandler.o
                0x00000000080010a4                std_msgs::Time::Time()
                0x00000000080010a4                std_msgs::Time::Time()
 .text._ZNK8std_msgs4Time9serializeEPh
                0x00000000080010d4       0xb0 Core/Src/roshandler.o
                0x00000000080010d4                std_msgs::Time::serialize(unsigned char*) const
 .text._ZN8std_msgs4Time11deserializeEPh
                0x0000000008001184       0xc8 Core/Src/roshandler.o
                0x0000000008001184                std_msgs::Time::deserialize(unsigned char*)
 .text._ZN8std_msgs4Time7getTypeEv
                0x000000000800124c       0x1c Core/Src/roshandler.o
                0x000000000800124c                std_msgs::Time::getType()
 .text._ZN8std_msgs4Time6getMD5Ev
                0x0000000008001268       0x1c Core/Src/roshandler.o
                0x0000000008001268                std_msgs::Time::getMD5()
 .text._ZN14rosserial_msgs9TopicInfoC2Ev
                0x0000000008001284       0x48 Core/Src/roshandler.o
                0x0000000008001284                rosserial_msgs::TopicInfo::TopicInfo()
                0x0000000008001284                rosserial_msgs::TopicInfo::TopicInfo()
 .text._ZNK14rosserial_msgs9TopicInfo9serializeEPh
                0x00000000080012cc      0x136 Core/Src/roshandler.o
                0x00000000080012cc                rosserial_msgs::TopicInfo::serialize(unsigned char*) const
 .text._ZN14rosserial_msgs9TopicInfo11deserializeEPh
                0x0000000008001402      0x1d0 Core/Src/roshandler.o
                0x0000000008001402                rosserial_msgs::TopicInfo::deserialize(unsigned char*)
 *fill*         0x00000000080015d2        0x2 
 .text._ZN14rosserial_msgs9TopicInfo7getTypeEv
                0x00000000080015d4       0x1c Core/Src/roshandler.o
                0x00000000080015d4                rosserial_msgs::TopicInfo::getType()
 .text._ZN14rosserial_msgs9TopicInfo6getMD5Ev
                0x00000000080015f0       0x1c Core/Src/roshandler.o
                0x00000000080015f0                rosserial_msgs::TopicInfo::getMD5()
 .text._ZN14rosserial_msgs3LogC2Ev
                0x000000000800160c       0x34 Core/Src/roshandler.o
                0x000000000800160c                rosserial_msgs::Log::Log()
                0x000000000800160c                rosserial_msgs::Log::Log()
 .text._ZNK14rosserial_msgs3Log9serializeEPh
                0x0000000008001640       0x64 Core/Src/roshandler.o
                0x0000000008001640                rosserial_msgs::Log::serialize(unsigned char*) const
 .text._ZN14rosserial_msgs3Log11deserializeEPh
                0x00000000080016a4       0x90 Core/Src/roshandler.o
                0x00000000080016a4                rosserial_msgs::Log::deserialize(unsigned char*)
 .text._ZN14rosserial_msgs3Log7getTypeEv
                0x0000000008001734       0x1c Core/Src/roshandler.o
                0x0000000008001734                rosserial_msgs::Log::getType()
 .text._ZN14rosserial_msgs3Log6getMD5Ev
                0x0000000008001750       0x1c Core/Src/roshandler.o
                0x0000000008001750                rosserial_msgs::Log::getMD5()
 .text._ZN14rosserial_msgs20RequestParamResponseC2Ev
                0x000000000800176c       0x5c Core/Src/roshandler.o
                0x000000000800176c                rosserial_msgs::RequestParamResponse::RequestParamResponse()
                0x000000000800176c                rosserial_msgs::RequestParamResponse::RequestParamResponse()
 .text._ZNK14rosserial_msgs20RequestParamResponse9serializeEPh
                0x00000000080017c8      0x222 Core/Src/roshandler.o
                0x00000000080017c8                rosserial_msgs::RequestParamResponse::serialize(unsigned char*) const
 .text._ZN14rosserial_msgs20RequestParamResponse11deserializeEPh
                0x00000000080019ea      0x2e2 Core/Src/roshandler.o
                0x00000000080019ea                rosserial_msgs::RequestParamResponse::deserialize(unsigned char*)
 .text._ZN14rosserial_msgs20RequestParamResponse7getTypeEv
                0x0000000008001ccc       0x1c Core/Src/roshandler.o
                0x0000000008001ccc                rosserial_msgs::RequestParamResponse::getType()
 .text._ZN14rosserial_msgs20RequestParamResponse6getMD5Ev
                0x0000000008001ce8       0x1c Core/Src/roshandler.o
                0x0000000008001ce8                rosserial_msgs::RequestParamResponse::getMD5()
 .text._ZN3ros9PublisherC2EPKcPNS_3MsgEi
                0x0000000008001d04       0x2e Core/Src/roshandler.o
                0x0000000008001d04                ros::Publisher::Publisher(char const*, ros::Msg*, int)
                0x0000000008001d04                ros::Publisher::Publisher(char const*, ros::Msg*, int)
 .text._ZN3ros9Publisher7publishEPKNS_3MsgE
                0x0000000008001d32       0x28 Core/Src/roshandler.o
                0x0000000008001d32                ros::Publisher::publish(ros::Msg const*)
 .text._ZN3ros9Publisher15getEndpointTypeEv
                0x0000000008001d5a       0x18 Core/Src/roshandler.o
                0x0000000008001d5a                ros::Publisher::getEndpointType()
 .text._ZN13STM32Hardware10getRdmaIndEv
                0x0000000008001d72       0x26 Core/Src/roshandler.o
                0x0000000008001d72                STM32Hardware::getRdmaInd()
 .text._ZN13STM32HardwareC2Ev
                0x0000000008001d98       0x38 Core/Src/roshandler.o
                0x0000000008001d98                STM32Hardware::STM32Hardware()
                0x0000000008001d98                STM32Hardware::STM32Hardware()
 .text._ZN13STM32Hardware4initEv
                0x0000000008001dd0       0x16 Core/Src/roshandler.o
                0x0000000008001dd0                STM32Hardware::init()
 .text._ZN13STM32Hardware10reset_rbufEv
                0x0000000008001de6       0x22 Core/Src/roshandler.o
                0x0000000008001de6                STM32Hardware::reset_rbuf()
 .text._ZN13STM32Hardware4readEv
                0x0000000008001e08       0x5a Core/Src/roshandler.o
                0x0000000008001e08                STM32Hardware::read()
 *fill*         0x0000000008001e62        0x2 
 .text._ZN13STM32Hardware5flushEv
                0x0000000008001e64       0xbc Core/Src/roshandler.o
                0x0000000008001e64                STM32Hardware::flush()
 .text._ZN13STM32Hardware5writeEPhi
                0x0000000008001f20       0x8c Core/Src/roshandler.o
                0x0000000008001f20                STM32Hardware::write(unsigned char*, int)
 .text._ZN13STM32Hardware4timeEv
                0x0000000008001fac       0x16 Core/Src/roshandler.o
                0x0000000008001fac                STM32Hardware::time()
 *fill*         0x0000000008001fc2        0x2 
 .text._ZN8std_msgs6HeaderC2Ev
                0x0000000008001fc4       0x40 Core/Src/roshandler.o
                0x0000000008001fc4                std_msgs::Header::Header()
                0x0000000008001fc4                std_msgs::Header::Header()
 .text._ZNK8std_msgs6Header9serializeEPh
                0x0000000008002004      0x130 Core/Src/roshandler.o
                0x0000000008002004                std_msgs::Header::serialize(unsigned char*) const
 .text._ZN8std_msgs6Header11deserializeEPh
                0x0000000008002134      0x180 Core/Src/roshandler.o
                0x0000000008002134                std_msgs::Header::deserialize(unsigned char*)
 .text._ZN8std_msgs6Header7getTypeEv
                0x00000000080022b4       0x1c Core/Src/roshandler.o
                0x00000000080022b4                std_msgs::Header::getType()
 .text._ZN8std_msgs6Header6getMD5Ev
                0x00000000080022d0       0x1c Core/Src/roshandler.o
                0x00000000080022d0                std_msgs::Header::getMD5()
 .text._ZN13geometry_msgs10QuaternionC2Ev
                0x00000000080022ec       0x5c Core/Src/roshandler.o
                0x00000000080022ec                geometry_msgs::Quaternion::Quaternion()
                0x00000000080022ec                geometry_msgs::Quaternion::Quaternion()
 .text._ZNK13geometry_msgs10Quaternion9serializeEPh
                0x0000000008002348      0x3d4 Core/Src/roshandler.o
                0x0000000008002348                geometry_msgs::Quaternion::serialize(unsigned char*) const
 .text._ZN13geometry_msgs10Quaternion11deserializeEPh
                0x000000000800271c      0x7ba Core/Src/roshandler.o
                0x000000000800271c                geometry_msgs::Quaternion::deserialize(unsigned char*)
 *fill*         0x0000000008002ed6        0x2 
 .text._ZN13geometry_msgs10Quaternion7getTypeEv
                0x0000000008002ed8       0x1c Core/Src/roshandler.o
                0x0000000008002ed8                geometry_msgs::Quaternion::getType()
 .text._ZN13geometry_msgs10Quaternion6getMD5Ev
                0x0000000008002ef4       0x1c Core/Src/roshandler.o
                0x0000000008002ef4                geometry_msgs::Quaternion::getMD5()
 .text._ZN13geometry_msgs7Vector3C2Ev
                0x0000000008002f10       0x50 Core/Src/roshandler.o
                0x0000000008002f10                geometry_msgs::Vector3::Vector3()
                0x0000000008002f10                geometry_msgs::Vector3::Vector3()
 .text._ZNK13geometry_msgs7Vector39serializeEPh
                0x0000000008002f60      0x2e6 Core/Src/roshandler.o
                0x0000000008002f60                geometry_msgs::Vector3::serialize(unsigned char*) const
 .text._ZN13geometry_msgs7Vector311deserializeEPh
                0x0000000008003246      0x5ba Core/Src/roshandler.o
                0x0000000008003246                geometry_msgs::Vector3::deserialize(unsigned char*)
 .text._ZN13geometry_msgs7Vector37getTypeEv
                0x0000000008003800       0x1c Core/Src/roshandler.o
                0x0000000008003800                geometry_msgs::Vector3::getType()
 .text._ZN13geometry_msgs7Vector36getMD5Ev
                0x000000000800381c       0x1c Core/Src/roshandler.o
                0x000000000800381c                geometry_msgs::Vector3::getMD5()
 .text._ZN11sensor_msgs3ImuC2Ev
                0x0000000008003838       0xa8 Core/Src/roshandler.o
                0x0000000008003838                sensor_msgs::Imu::Imu()
                0x0000000008003838                sensor_msgs::Imu::Imu()
 .text._ZNK11sensor_msgs3Imu9serializeEPh
                0x00000000080038e0      0x396 Core/Src/roshandler.o
                0x00000000080038e0                sensor_msgs::Imu::serialize(unsigned char*) const
 .text._ZN11sensor_msgs3Imu11deserializeEPh
                0x0000000008003c76      0x6ca Core/Src/roshandler.o
                0x0000000008003c76                sensor_msgs::Imu::deserialize(unsigned char*)
 .text._ZN11sensor_msgs3Imu7getTypeEv
                0x0000000008004340       0x1c Core/Src/roshandler.o
                0x0000000008004340                sensor_msgs::Imu::getType()
 .text._ZN11sensor_msgs3Imu6getMD5Ev
                0x000000000800435c       0x1c Core/Src/roshandler.o
                0x000000000800435c                sensor_msgs::Imu::getMD5()
 .text._ZN3ros15NodeHandleBase_C2Ev
                0x0000000008004378       0x20 Core/Src/roshandler.o
                0x0000000008004378                ros::NodeHandleBase_::NodeHandleBase_()
                0x0000000008004378                ros::NodeHandleBase_::NodeHandleBase_()
 .text._ZN3ros11NodeHandle_I13STM32HardwareLi25ELi25ELi512ELi512EEC2Ev
                0x0000000008004398       0xf0 Core/Src/roshandler.o
                0x0000000008004398                ros::NodeHandle_<STM32Hardware, 25, 25, 512, 512>::NodeHandle_()
                0x0000000008004398                ros::NodeHandle_<STM32Hardware, 25, 25, 512, 512>::NodeHandle_()
 .text.HAL_UART_TxCpltCallback
                0x0000000008004488       0x24 Core/Src/roshandler.o
                0x0000000008004488                HAL_UART_TxCpltCallback
 .text.HAL_UART_RxCpltCallback
                0x00000000080044ac       0x24 Core/Src/roshandler.o
                0x00000000080044ac                HAL_UART_RxCpltCallback
 .text.setup    0x00000000080044d0       0x20 Core/Src/roshandler.o
                0x00000000080044d0                setup
 .text.loop     0x00000000080044f0       0x7c Core/Src/roshandler.o
                0x00000000080044f0                loop
 .text._ZN3ros3Msg8varToArrIPhmEEvT_T0_
                0x000000000800456c       0x3c Core/Src/roshandler.o
                0x000000000800456c                void ros::Msg::varToArr<unsigned char*, unsigned long>(unsigned char*, unsigned long)
 .text._ZN3ros3Msg8arrToVarImPhEEvRT_T0_
                0x00000000080045a8       0x4a Core/Src/roshandler.o
                0x00000000080045a8                void ros::Msg::arrToVar<unsigned long, unsigned char*>(unsigned long&, unsigned char*)
 .text._ZN3ros11NodeHandle_I13STM32HardwareLi25ELi25ELi512ELi512EE11getHardwareEv
                0x00000000080045f2       0x18 Core/Src/roshandler.o
                0x00000000080045f2                ros::NodeHandle_<STM32Hardware, 25, 25, 512, 512>::getHardware()
 .text._ZN3ros11NodeHandle_I13STM32HardwareLi25ELi25ELi512ELi512EE8initNodeEv
                0x000000000800460a       0x3a Core/Src/roshandler.o
                0x000000000800460a                ros::NodeHandle_<STM32Hardware, 25, 25, 512, 512>::initNode()
 .text._ZN3ros11NodeHandle_I13STM32HardwareLi25ELi25ELi512ELi512EE9advertiseERNS_9PublisherE
                0x0000000008004644       0x60 Core/Src/roshandler.o
                0x0000000008004644                ros::NodeHandle_<STM32Hardware, 25, 25, 512, 512>::advertise(ros::Publisher&)
 .text._ZN3ros11NodeHandle_I13STM32HardwareLi25ELi25ELi512ELi512EE8spinOnceEv
                0x00000000080046a4      0x3b2 Core/Src/roshandler.o
                0x00000000080046a4                ros::NodeHandle_<STM32Hardware, 25, 25, 512, 512>::spinOnce()
 .text._ZN3ros11NodeHandle_I13STM32HardwareLi25ELi25ELi512ELi512EE15requestSyncTimeEv
                0x0000000008004a56       0x3c Core/Src/roshandler.o
                0x0000000008004a56                ros::NodeHandle_<STM32Hardware, 25, 25, 512, 512>::requestSyncTime()
 .text._ZN3ros11NodeHandle_I13STM32HardwareLi25ELi25ELi512ELi512EE15negotiateTopicsEv
                0x0000000008004a92      0x1be Core/Src/roshandler.o
                0x0000000008004a92                ros::NodeHandle_<STM32Hardware, 25, 25, 512, 512>::negotiateTopics()
 .text._ZN3ros11NodeHandle_I13STM32HardwareLi25ELi25ELi512ELi512EE8syncTimeEPh
                0x0000000008004c50       0x98 Core/Src/roshandler.o
                0x0000000008004c50                ros::NodeHandle_<STM32Hardware, 25, 25, 512, 512>::syncTime(unsigned char*)
 .text._ZN3ros11NodeHandle_I13STM32HardwareLi25ELi25ELi512ELi512EE7publishEiPKNS_3MsgE
                0x0000000008004ce8      0x124 Core/Src/roshandler.o
                0x0000000008004ce8                ros::NodeHandle_<STM32Hardware, 25, 25, 512, 512>::publish(int, ros::Msg const*)
 .text._ZN3ros11NodeHandle_I13STM32HardwareLi25ELi25ELi512ELi512EE6setNowERKNS_4TimeE
                0x0000000008004e0c       0x80 Core/Src/roshandler.o
                0x0000000008004e0c                ros::NodeHandle_<STM32Hardware, 25, 25, 512, 512>::setNow(ros::Time const&)
 .text._ZN3ros11NodeHandle_I13STM32HardwareLi25ELi25ELi512ELi512EE8logerrorEPKc
                0x0000000008004e8c       0x1c Core/Src/roshandler.o
                0x0000000008004e8c                ros::NodeHandle_<STM32Hardware, 25, 25, 512, 512>::logerror(char const*)
 .text._ZN3ros11NodeHandle_I13STM32HardwareLi25ELi25ELi512ELi512EE3logEcPKc
                0x0000000008004ea8       0x38 Core/Src/roshandler.o
                0x0000000008004ea8                ros::NodeHandle_<STM32Hardware, 25, 25, 512, 512>::log(char, char const*)
 .text._Z41__static_initialization_and_destruction_0ii
                0x0000000008004ee0       0x4c Core/Src/roshandler.o
 .text._ZN3ros11NodeHandle_I13STM32HardwareLi25ELi25ELi512ELi512EE9connectedEv
                0x0000000008004f2c       0x1a Core/Src/roshandler.o
                0x0000000008004f2c                ros::NodeHandle_<STM32Hardware, 25, 25, 512, 512>::connected()
 .text._GLOBAL__sub_I_IMU_Euler
                0x0000000008004f46       0x10 Core/Src/roshandler.o
 *fill*         0x0000000008004f56        0x2 
 .text.HAL_MspInit
                0x0000000008004f58       0x50 Core/Src/stm32f4xx_hal_msp.o
                0x0000000008004f58                HAL_MspInit
 .text.HAL_I2C_MspInit
                0x0000000008004fa8      0x15c Core/Src/stm32f4xx_hal_msp.o
                0x0000000008004fa8                HAL_I2C_MspInit
 .text.HAL_UART_MspInit
                0x0000000008005104      0x170 Core/Src/stm32f4xx_hal_msp.o
                0x0000000008005104                HAL_UART_MspInit
 .text.NMI_Handler
                0x0000000008005274        0x6 Core/Src/stm32f4xx_it.o
                0x0000000008005274                NMI_Handler
 .text.HardFault_Handler
                0x000000000800527a        0x6 Core/Src/stm32f4xx_it.o
                0x000000000800527a                HardFault_Handler
 .text.MemManage_Handler
                0x0000000008005280        0x6 Core/Src/stm32f4xx_it.o
                0x0000000008005280                MemManage_Handler
 .text.BusFault_Handler
                0x0000000008005286        0x6 Core/Src/stm32f4xx_it.o
                0x0000000008005286                BusFault_Handler
 .text.UsageFault_Handler
                0x000000000800528c        0x6 Core/Src/stm32f4xx_it.o
                0x000000000800528c                UsageFault_Handler
 .text.SVC_Handler
                0x0000000008005292        0xe Core/Src/stm32f4xx_it.o
                0x0000000008005292                SVC_Handler
 .text.DebugMon_Handler
                0x00000000080052a0        0xe Core/Src/stm32f4xx_it.o
                0x00000000080052a0                DebugMon_Handler
 .text.PendSV_Handler
                0x00000000080052ae        0xe Core/Src/stm32f4xx_it.o
                0x00000000080052ae                PendSV_Handler
 .text.SysTick_Handler
                0x00000000080052bc        0xc Core/Src/stm32f4xx_it.o
                0x00000000080052bc                SysTick_Handler
 .text.DMA1_Stream0_IRQHandler
                0x00000000080052c8       0x14 Core/Src/stm32f4xx_it.o
                0x00000000080052c8                DMA1_Stream0_IRQHandler
 .text.DMA1_Stream1_IRQHandler
                0x00000000080052dc       0x14 Core/Src/stm32f4xx_it.o
                0x00000000080052dc                DMA1_Stream1_IRQHandler
 .text.DMA1_Stream3_IRQHandler
                0x00000000080052f0       0x14 Core/Src/stm32f4xx_it.o
                0x00000000080052f0                DMA1_Stream3_IRQHandler
 .text.DMA1_Stream6_IRQHandler
                0x0000000008005304       0x14 Core/Src/stm32f4xx_it.o
                0x0000000008005304                DMA1_Stream6_IRQHandler
 .text.USART3_IRQHandler
                0x0000000008005318       0x14 Core/Src/stm32f4xx_it.o
                0x0000000008005318                USART3_IRQHandler
 .text._getpid  0x000000000800532c       0x10 Core/Src/syscalls.o
                0x000000000800532c                _getpid
 .text._kill    0x000000000800533c       0x20 Core/Src/syscalls.o
                0x000000000800533c                _kill
 .text._exit    0x000000000800535c       0x14 Core/Src/syscalls.o
                0x000000000800535c                _exit
 .text._sbrk    0x0000000008005370       0x6c Core/Src/sysmem.o
                0x0000000008005370                _sbrk
 .text.SystemInit
                0x00000000080053dc       0x24 Core/Src/system_stm32f4xx.o
                0x00000000080053dc                SystemInit
 .text._ZN3ros16normalizeSecNSecERmS0_
                0x0000000008005400       0x58 Core/Src/time.o
                0x0000000008005400                ros::normalizeSecNSec(unsigned long&, unsigned long&)
 .text.Reset_Handler
                0x0000000008005458       0x50 Core/Startup/startup_stm32f429zitx.o
                0x0000000008005458                Reset_Handler
 .text.Default_Handler
                0x00000000080054a8        0x2 Core/Startup/startup_stm32f429zitx.o
                0x00000000080054a8                RTC_Alarm_IRQHandler
                0x00000000080054a8                HASH_RNG_IRQHandler
                0x00000000080054a8                EXTI2_IRQHandler
                0x00000000080054a8                TIM8_CC_IRQHandler
                0x00000000080054a8                UART8_IRQHandler
                0x00000000080054a8                SPI4_IRQHandler
                0x00000000080054a8                TIM1_CC_IRQHandler
                0x00000000080054a8                DMA2_Stream5_IRQHandler
                0x00000000080054a8                DMA1_Stream5_IRQHandler
                0x00000000080054a8                PVD_IRQHandler
                0x00000000080054a8                SDIO_IRQHandler
                0x00000000080054a8                TAMP_STAMP_IRQHandler
                0x00000000080054a8                CAN2_RX1_IRQHandler
                0x00000000080054a8                EXTI3_IRQHandler
                0x00000000080054a8                TIM8_TRG_COM_TIM14_IRQHandler
                0x00000000080054a8                TIM1_UP_TIM10_IRQHandler
                0x00000000080054a8                TIM8_UP_TIM13_IRQHandler
                0x00000000080054a8                I2C3_ER_IRQHandler
                0x00000000080054a8                EXTI0_IRQHandler
                0x00000000080054a8                I2C2_EV_IRQHandler
                0x00000000080054a8                DMA1_Stream2_IRQHandler
                0x00000000080054a8                CAN1_RX0_IRQHandler
                0x00000000080054a8                FPU_IRQHandler
                0x00000000080054a8                OTG_HS_WKUP_IRQHandler
                0x00000000080054a8                LTDC_ER_IRQHandler
                0x00000000080054a8                CAN2_SCE_IRQHandler
                0x00000000080054a8                DMA2_Stream2_IRQHandler
                0x00000000080054a8                SPI1_IRQHandler
                0x00000000080054a8                TIM6_DAC_IRQHandler
                0x00000000080054a8                TIM1_BRK_TIM9_IRQHandler
                0x00000000080054a8                DCMI_IRQHandler
                0x00000000080054a8                CAN2_RX0_IRQHandler
                0x00000000080054a8                DMA2_Stream3_IRQHandler
                0x00000000080054a8                USART6_IRQHandler
                0x00000000080054a8                CAN1_RX1_IRQHandler
                0x00000000080054a8                UART5_IRQHandler
                0x00000000080054a8                DMA2_Stream0_IRQHandler
                0x00000000080054a8                TIM4_IRQHandler
                0x00000000080054a8                I2C1_EV_IRQHandler
                0x00000000080054a8                UART4_IRQHandler
                0x00000000080054a8                TIM3_IRQHandler
                0x00000000080054a8                RCC_IRQHandler
                0x00000000080054a8                TIM8_BRK_TIM12_IRQHandler
                0x00000000080054a8                Default_Handler
                0x00000000080054a8                EXTI15_10_IRQHandler
                0x00000000080054a8                ADC_IRQHandler
                0x00000000080054a8                DMA1_Stream7_IRQHandler
                0x00000000080054a8                SPI5_IRQHandler
                0x00000000080054a8                TIM7_IRQHandler
                0x00000000080054a8                CAN2_TX_IRQHandler
                0x00000000080054a8                TIM5_IRQHandler
                0x00000000080054a8                DMA2_Stream7_IRQHandler
                0x00000000080054a8                I2C3_EV_IRQHandler
                0x00000000080054a8                EXTI9_5_IRQHandler
                0x00000000080054a8                RTC_WKUP_IRQHandler
                0x00000000080054a8                LTDC_IRQHandler
                0x00000000080054a8                ETH_WKUP_IRQHandler
                0x00000000080054a8                SPI2_IRQHandler
                0x00000000080054a8                OTG_HS_EP1_IN_IRQHandler
                0x00000000080054a8                CAN1_TX_IRQHandler
                0x00000000080054a8                EXTI4_IRQHandler
                0x00000000080054a8                ETH_IRQHandler
                0x00000000080054a8                OTG_HS_EP1_OUT_IRQHandler
                0x00000000080054a8                WWDG_IRQHandler
                0x00000000080054a8                SPI6_IRQHandler
                0x00000000080054a8                TIM2_IRQHandler
                0x00000000080054a8                OTG_FS_WKUP_IRQHandler
                0x00000000080054a8                TIM1_TRG_COM_TIM11_IRQHandler
                0x00000000080054a8                OTG_HS_IRQHandler
                0x00000000080054a8                DMA2D_IRQHandler
                0x00000000080054a8                EXTI1_IRQHandler
                0x00000000080054a8                UART7_IRQHandler
                0x00000000080054a8                USART2_IRQHandler
                0x00000000080054a8                I2C2_ER_IRQHandler
                0x00000000080054a8                DMA2_Stream1_IRQHandler
                0x00000000080054a8                CAN1_SCE_IRQHandler
                0x00000000080054a8                FLASH_IRQHandler
                0x00000000080054a8                DMA2_Stream4_IRQHandler
                0x00000000080054a8                USART1_IRQHandler
                0x00000000080054a8                OTG_FS_IRQHandler
                0x00000000080054a8                SPI3_IRQHandler
                0x00000000080054a8                DMA1_Stream4_IRQHandler
                0x00000000080054a8                I2C1_ER_IRQHandler
                0x00000000080054a8                FMC_IRQHandler
                0x00000000080054a8                DMA2_Stream6_IRQHandler
                0x00000000080054a8                SAI1_IRQHandler
 *fill*         0x00000000080054aa        0x2 
 .text.HAL_Init
                0x00000000080054ac       0x44 Drivers/STM32F4xx_HAL_Driver/Src/stm32f4xx_hal.o
                0x00000000080054ac                HAL_Init
 .text.HAL_InitTick
                0x00000000080054f0       0x60 Drivers/STM32F4xx_HAL_Driver/Src/stm32f4xx_hal.o
                0x00000000080054f0                HAL_InitTick
 .text.HAL_IncTick
                0x0000000008005550       0x28 Drivers/STM32F4xx_HAL_Driver/Src/stm32f4xx_hal.o
                0x0000000008005550                HAL_IncTick
 .text.HAL_GetTick
                0x0000000008005578       0x18 Drivers/STM32F4xx_HAL_Driver/Src/stm32f4xx_hal.o
                0x0000000008005578                HAL_GetTick
 .text.HAL_Delay
                0x0000000008005590       0x48 Drivers/STM32F4xx_HAL_Driver/Src/stm32f4xx_hal.o
                0x0000000008005590                HAL_Delay
 .text.__NVIC_SetPriorityGrouping
                0x00000000080055d8       0x48 Drivers/STM32F4xx_HAL_Driver/Src/stm32f4xx_hal_cortex.o
 .text.__NVIC_GetPriorityGrouping
                0x0000000008005620       0x1c Drivers/STM32F4xx_HAL_Driver/Src/stm32f4xx_hal_cortex.o
 .text.__NVIC_EnableIRQ
                0x000000000800563c       0x3c Drivers/STM32F4xx_HAL_Driver/Src/stm32f4xx_hal_cortex.o
 .text.__NVIC_SetPriority
                0x0000000008005678       0x54 Drivers/STM32F4xx_HAL_Driver/Src/stm32f4xx_hal_cortex.o
 .text.NVIC_EncodePriority
                0x00000000080056cc       0x66 Drivers/STM32F4xx_HAL_Driver/Src/stm32f4xx_hal_cortex.o
 *fill*         0x0000000008005732        0x2 
 .text.SysTick_Config
                0x0000000008005734       0x44 Drivers/STM32F4xx_HAL_Driver/Src/stm32f4xx_hal_cortex.o
 .text.HAL_NVIC_SetPriorityGrouping
                0x0000000008005778       0x16 Drivers/STM32F4xx_HAL_Driver/Src/stm32f4xx_hal_cortex.o
                0x0000000008005778                HAL_NVIC_SetPriorityGrouping
 .text.HAL_NVIC_SetPriority
                0x000000000800578e       0x38 Drivers/STM32F4xx_HAL_Driver/Src/stm32f4xx_hal_cortex.o
                0x000000000800578e                HAL_NVIC_SetPriority
 .text.HAL_NVIC_EnableIRQ
                0x00000000080057c6       0x1c Drivers/STM32F4xx_HAL_Driver/Src/stm32f4xx_hal_cortex.o
                0x00000000080057c6                HAL_NVIC_EnableIRQ
 .text.HAL_SYSTICK_Config
                0x00000000080057e2       0x18 Drivers/STM32F4xx_HAL_Driver/Src/stm32f4xx_hal_cortex.o
                0x00000000080057e2                HAL_SYSTICK_Config
 *fill*         0x00000000080057fa        0x2 
 .text.HAL_DMA_Init
                0x00000000080057fc      0x15c Drivers/STM32F4xx_HAL_Driver/Src/stm32f4xx_hal_dma.o
                0x00000000080057fc                HAL_DMA_Init
 .text.HAL_DMA_Start_IT
                0x0000000008005958       0xb0 Drivers/STM32F4xx_HAL_Driver/Src/stm32f4xx_hal_dma.o
                0x0000000008005958                HAL_DMA_Start_IT
 .text.HAL_DMA_Abort
                0x0000000008005a08       0xe0 Drivers/STM32F4xx_HAL_Driver/Src/stm32f4xx_hal_dma.o
                0x0000000008005a08                HAL_DMA_Abort
 .text.HAL_DMA_Abort_IT
                0x0000000008005ae8       0x44 Drivers/STM32F4xx_HAL_Driver/Src/stm32f4xx_hal_dma.o
                0x0000000008005ae8                HAL_DMA_Abort_IT
 .text.HAL_DMA_IRQHandler
                0x0000000008005b2c      0x314 Drivers/STM32F4xx_HAL_Driver/Src/stm32f4xx_hal_dma.o
                0x0000000008005b2c                HAL_DMA_IRQHandler
 .text.DMA_SetConfig
                0x0000000008005e40       0x5c Drivers/STM32F4xx_HAL_Driver/Src/stm32f4xx_hal_dma.o
 .text.DMA_CalcBaseAndBitshift
                0x0000000008005e9c       0x6c Drivers/STM32F4xx_HAL_Driver/Src/stm32f4xx_hal_dma.o
 .text.DMA_CheckFifoParam
                0x0000000008005f08       0xf8 Drivers/STM32F4xx_HAL_Driver/Src/stm32f4xx_hal_dma.o
 .text.HAL_GPIO_Init
                0x0000000008006000      0x358 Drivers/STM32F4xx_HAL_Driver/Src/stm32f4xx_hal_gpio.o
                0x0000000008006000                HAL_GPIO_Init
 .text.HAL_GPIO_WritePin
                0x0000000008006358       0x32 Drivers/STM32F4xx_HAL_Driver/Src/stm32f4xx_hal_gpio.o
                0x0000000008006358                HAL_GPIO_WritePin
 *fill*         0x000000000800638a        0x2 
 .text.HAL_I2C_Init
                0x000000000800638c      0x288 Drivers/STM32F4xx_HAL_Driver/Src/stm32f4xx_hal_i2c.o
                0x000000000800638c                HAL_I2C_Init
 .text.HAL_I2C_Master_Transmit
                0x0000000008006614      0x1fc Drivers/STM32F4xx_HAL_Driver/Src/stm32f4xx_hal_i2c.o
                0x0000000008006614                HAL_I2C_Master_Transmit
 .text.HAL_I2C_Mem_Read
                0x0000000008006810      0x44c Drivers/STM32F4xx_HAL_Driver/Src/stm32f4xx_hal_i2c.o
                0x0000000008006810                HAL_I2C_Mem_Read
 .text.I2C_MasterRequestWrite
                0x0000000008006c5c      0x104 Drivers/STM32F4xx_HAL_Driver/Src/stm32f4xx_hal_i2c.o
 .text.I2C_RequestMemoryRead
                0x0000000008006d60      0x1d0 Drivers/STM32F4xx_HAL_Driver/Src/stm32f4xx_hal_i2c.o
 .text.I2C_WaitOnFlagUntilTimeout
                0x0000000008006f30       0xae Drivers/STM32F4xx_HAL_Driver/Src/stm32f4xx_hal_i2c.o
 .text.I2C_WaitOnMasterAddressFlagUntilTimeout
                0x0000000008006fde       0xfe Drivers/STM32F4xx_HAL_Driver/Src/stm32f4xx_hal_i2c.o
 .text.I2C_WaitOnTXEFlagUntilTimeout
                0x00000000080070dc       0x82 Drivers/STM32F4xx_HAL_Driver/Src/stm32f4xx_hal_i2c.o
 .text.I2C_WaitOnBTFFlagUntilTimeout
                0x000000000800715e       0x82 Drivers/STM32F4xx_HAL_Driver/Src/stm32f4xx_hal_i2c.o
 .text.I2C_WaitOnRXNEFlagUntilTimeout
                0x00000000080071e0       0xac Drivers/STM32F4xx_HAL_Driver/Src/stm32f4xx_hal_i2c.o
 .text.I2C_IsAcknowledgeFailed
                0x000000000800728c       0x5e Drivers/STM32F4xx_HAL_Driver/Src/stm32f4xx_hal_i2c.o
 .text.HAL_I2CEx_ConfigAnalogFilter
                0x00000000080072ea       0x78 Drivers/STM32F4xx_HAL_Driver/Src/stm32f4xx_hal_i2c_ex.o
                0x00000000080072ea                HAL_I2CEx_ConfigAnalogFilter
 .text.HAL_I2CEx_ConfigDigitalFilter
                0x0000000008007362       0x7e Drivers/STM32F4xx_HAL_Driver/Src/stm32f4xx_hal_i2c_ex.o
                0x0000000008007362                HAL_I2CEx_ConfigDigitalFilter
 .text.HAL_RCC_OscConfig
                0x00000000080073e0      0x4f0 Drivers/STM32F4xx_HAL_Driver/Src/stm32f4xx_hal_rcc.o
                0x00000000080073e0                HAL_RCC_OscConfig
 .text.HAL_RCC_ClockConfig
                0x00000000080078d0      0x1cc Drivers/STM32F4xx_HAL_Driver/Src/stm32f4xx_hal_rcc.o
                0x00000000080078d0                HAL_RCC_ClockConfig
 .text.HAL_RCC_GetSysClockFreq
                0x0000000008007a9c      0x1c4 Drivers/STM32F4xx_HAL_Driver/Src/stm32f4xx_hal_rcc.o
                0x0000000008007a9c                HAL_RCC_GetSysClockFreq
 .text.HAL_RCC_GetHCLKFreq
                0x0000000008007c60       0x18 Drivers/STM32F4xx_HAL_Driver/Src/stm32f4xx_hal_rcc.o
                0x0000000008007c60                HAL_RCC_GetHCLKFreq
 .text.HAL_RCC_GetPCLK1Freq
                0x0000000008007c78       0x28 Drivers/STM32F4xx_HAL_Driver/Src/stm32f4xx_hal_rcc.o
                0x0000000008007c78                HAL_RCC_GetPCLK1Freq
 .text.HAL_RCC_GetPCLK2Freq
                0x0000000008007ca0       0x28 Drivers/STM32F4xx_HAL_Driver/Src/stm32f4xx_hal_rcc.o
                0x0000000008007ca0                HAL_RCC_GetPCLK2Freq
 .text.HAL_UART_Init
                0x0000000008007cc8       0x9a Drivers/STM32F4xx_HAL_Driver/Src/stm32f4xx_hal_uart.o
                0x0000000008007cc8                HAL_UART_Init
 *fill*         0x0000000008007d62        0x2 
 .text.HAL_UART_Transmit_DMA
                0x0000000008007d64       0xd8 Drivers/STM32F4xx_HAL_Driver/Src/stm32f4xx_hal_uart.o
                0x0000000008007d64                HAL_UART_Transmit_DMA
 .text.HAL_UART_Receive_DMA
                0x0000000008007e3c       0x60 Drivers/STM32F4xx_HAL_Driver/Src/stm32f4xx_hal_uart.o
                0x0000000008007e3c                HAL_UART_Receive_DMA
 .text.HAL_UART_IRQHandler
                0x0000000008007e9c      0x358 Drivers/STM32F4xx_HAL_Driver/Src/stm32f4xx_hal_uart.o
                0x0000000008007e9c                HAL_UART_IRQHandler
 .text.HAL_UART_TxHalfCpltCallback
                0x00000000080081f4       0x14 Drivers/STM32F4xx_HAL_Driver/Src/stm32f4xx_hal_uart.o
                0x00000000080081f4                HAL_UART_TxHalfCpltCallback
 .text.HAL_UART_RxHalfCpltCallback
                0x0000000008008208       0x14 Drivers/STM32F4xx_HAL_Driver/Src/stm32f4xx_hal_uart.o
                0x0000000008008208                HAL_UART_RxHalfCpltCallback
 .text.HAL_UART_ErrorCallback
                0x000000000800821c       0x14 Drivers/STM32F4xx_HAL_Driver/Src/stm32f4xx_hal_uart.o
                0x000000000800821c                HAL_UART_ErrorCallback
 .text.HAL_UARTEx_RxEventCallback
                0x0000000008008230       0x18 Drivers/STM32F4xx_HAL_Driver/Src/stm32f4xx_hal_uart.o
                0x0000000008008230                HAL_UARTEx_RxEventCallback
 .text.UART_DMATransmitCplt
                0x0000000008008248       0x52 Drivers/STM32F4xx_HAL_Driver/Src/stm32f4xx_hal_uart.o
 .text.UART_DMATxHalfCplt
                0x000000000800829a       0x1c Drivers/STM32F4xx_HAL_Driver/Src/stm32f4xx_hal_uart.o
 .text.UART_DMAReceiveCplt
                0x00000000080082b6       0x96 Drivers/STM32F4xx_HAL_Driver/Src/stm32f4xx_hal_uart.o
 .text.UART_DMARxHalfCplt
                0x000000000800834c       0x36 Drivers/STM32F4xx_HAL_Driver/Src/stm32f4xx_hal_uart.o
 .text.UART_DMAError
                0x0000000008008382       0x94 Drivers/STM32F4xx_HAL_Driver/Src/stm32f4xx_hal_uart.o
 *fill*         0x0000000008008416        0x2 
 .text.UART_Start_Receive_DMA
                0x0000000008008418       0xc8 Drivers/STM32F4xx_HAL_Driver/Src/stm32f4xx_hal_uart.o
                0x0000000008008418                UART_Start_Receive_DMA
 .text.UART_EndTxTransfer
                0x00000000080084e0       0x2c Drivers/STM32F4xx_HAL_Driver/Src/stm32f4xx_hal_uart.o
 .text.UART_EndRxTransfer
                0x000000000800850c       0x5a Drivers/STM32F4xx_HAL_Driver/Src/stm32f4xx_hal_uart.o
 .text.UART_DMAAbortOnError
                0x0000000008008566       0x28 Drivers/STM32F4xx_HAL_Driver/Src/stm32f4xx_hal_uart.o
 .text.UART_Transmit_IT
                0x000000000800858e       0xa0 Drivers/STM32F4xx_HAL_Driver/Src/stm32f4xx_hal_uart.o
 .text.UART_EndTransmit_IT
                0x000000000800862e       0x30 Drivers/STM32F4xx_HAL_Driver/Src/stm32f4xx_hal_uart.o
 .text.UART_Receive_IT
                0x000000000800865e      0x12e Drivers/STM32F4xx_HAL_Driver/Src/stm32f4xx_hal_uart.o
 .text.UART_SetConfig
                0x000000000800878c      0x390 Drivers/STM32F4xx_HAL_Driver/Src/stm32f4xx_hal_uart.o
 .text.__cxa_pure_virtual
                0x0000000008008b1c        0x6 /opt/st/stm32cubeide_1.6.0/plugins/com.st.stm32cube.ide.mcu.externaltools.gnu-tools-for-stm32.9-2020-q2-update.linux64_1.5.0.202011040924/tools/bin/../lib/gcc/arm-none-eabi/9.3.1/../../../../arm-none-eabi/lib/thumb/v7e-m+fp/hard/libstdc++_nano.a(pure.o)
                0x0000000008008b1c                __cxa_pure_virtual
 .text._ZN10__cxxabiv111__terminateEPFvvE
                0x0000000008008b22        0x8 /opt/st/stm32cubeide_1.6.0/plugins/com.st.stm32cube.ide.mcu.externaltools.gnu-tools-for-stm32.9-2020-q2-update.linux64_1.5.0.202011040924/tools/bin/../lib/gcc/arm-none-eabi/9.3.1/../../../../arm-none-eabi/lib/thumb/v7e-m+fp/hard/libstdc++_nano.a(eh_terminate.o)
                0x0000000008008b22                __cxxabiv1::__terminate(void (*)())
 *fill*         0x0000000008008b2a        0x2 
 .text._ZSt13get_terminatev
                0x0000000008008b2c       0x10 /opt/st/stm32cubeide_1.6.0/plugins/com.st.stm32cube.ide.mcu.externaltools.gnu-tools-for-stm32.9-2020-q2-update.linux64_1.5.0.202011040924/tools/bin/../lib/gcc/arm-none-eabi/9.3.1/../../../../arm-none-eabi/lib/thumb/v7e-m+fp/hard/libstdc++_nano.a(eh_terminate.o)
                0x0000000008008b2c                std::get_terminate()
 .text._ZSt9terminatev
                0x0000000008008b3c        0xa /opt/st/stm32cubeide_1.6.0/plugins/com.st.stm32cube.ide.mcu.externaltools.gnu-tools-for-stm32.9-2020-q2-update.linux64_1.5.0.202011040924/tools/bin/../lib/gcc/arm-none-eabi/9.3.1/../../../../arm-none-eabi/lib/thumb/v7e-m+fp/hard/libstdc++_nano.a(eh_terminate.o)
                0x0000000008008b3c                std::terminate()
 .text.abort    0x0000000008008b46        0xe /opt/st/stm32cubeide_1.6.0/plugins/com.st.stm32cube.ide.mcu.externaltools.gnu-tools-for-stm32.9-2020-q2-update.linux64_1.5.0.202011040924/tools/bin/../lib/gcc/arm-none-eabi/9.3.1/../../../../arm-none-eabi/lib/thumb/v7e-m+fp/hard/libc_nano.a(lib_a-abort.o)
                0x0000000008008b46                abort
 .text.__errno  0x0000000008008b54        0xc /opt/st/stm32cubeide_1.6.0/plugins/com.st.stm32cube.ide.mcu.externaltools.gnu-tools-for-stm32.9-2020-q2-update.linux64_1.5.0.202011040924/tools/bin/../lib/gcc/arm-none-eabi/9.3.1/../../../../arm-none-eabi/lib/thumb/v7e-m+fp/hard/libc_nano.a(lib_a-errno.o)
                0x0000000008008b54                __errno
 .text.__libc_init_array
                0x0000000008008b60       0x48 /opt/st/stm32cubeide_1.6.0/plugins/com.st.stm32cube.ide.mcu.externaltools.gnu-tools-for-stm32.9-2020-q2-update.linux64_1.5.0.202011040924/tools/bin/../lib/gcc/arm-none-eabi/9.3.1/../../../../arm-none-eabi/lib/thumb/v7e-m+fp/hard/libc_nano.a(lib_a-init.o)
                0x0000000008008b60                __libc_init_array
 .text.memcpy   0x0000000008008ba8       0x1c /opt/st/stm32cubeide_1.6.0/plugins/com.st.stm32cube.ide.mcu.externaltools.gnu-tools-for-stm32.9-2020-q2-update.linux64_1.5.0.202011040924/tools/bin/../lib/gcc/arm-none-eabi/9.3.1/../../../../arm-none-eabi/lib/thumb/v7e-m+fp/hard/libc_nano.a(lib_a-memcpy-stub.o)
                0x0000000008008ba8                memcpy
 .text.memset   0x0000000008008bc4       0x10 /opt/st/stm32cubeide_1.6.0/plugins/com.st.stm32cube.ide.mcu.externaltools.gnu-tools-for-stm32.9-2020-q2-update.linux64_1.5.0.202011040924/tools/bin/../lib/gcc/arm-none-eabi/9.3.1/../../../../arm-none-eabi/lib/thumb/v7e-m+fp/hard/libc_nano.a(lib_a-memset.o)
                0x0000000008008bc4                memset
 .text.realloc  0x0000000008008bd4       0x10 /opt/st/stm32cubeide_1.6.0/plugins/com.st.stm32cube.ide.mcu.externaltools.gnu-tools-for-stm32.9-2020-q2-update.linux64_1.5.0.202011040924/tools/bin/../lib/gcc/arm-none-eabi/9.3.1/../../../../arm-none-eabi/lib/thumb/v7e-m+fp/hard/libc_nano.a(lib_a-realloc.o)
                0x0000000008008bd4                realloc
 .text._raise_r
                0x0000000008008be4       0x50 /opt/st/stm32cubeide_1.6.0/plugins/com.st.stm32cube.ide.mcu.externaltools.gnu-tools-for-stm32.9-2020-q2-update.linux64_1.5.0.202011040924/tools/bin/../lib/gcc/arm-none-eabi/9.3.1/../../../../arm-none-eabi/lib/thumb/v7e-m+fp/hard/libc_nano.a(lib_a-signal.o)
                0x0000000008008be4                _raise_r
 .text.raise    0x0000000008008c34       0x10 /opt/st/stm32cubeide_1.6.0/plugins/com.st.stm32cube.ide.mcu.externaltools.gnu-tools-for-stm32.9-2020-q2-update.linux64_1.5.0.202011040924/tools/bin/../lib/gcc/arm-none-eabi/9.3.1/../../../../arm-none-eabi/lib/thumb/v7e-m+fp/hard/libc_nano.a(lib_a-signal.o)
                0x0000000008008c34                raise
 .text._kill_r  0x0000000008008c44       0x24 /opt/st/stm32cubeide_1.6.0/plugins/com.st.stm32cube.ide.mcu.externaltools.gnu-tools-for-stm32.9-2020-q2-update.linux64_1.5.0.202011040924/tools/bin/../lib/gcc/arm-none-eabi/9.3.1/../../../../arm-none-eabi/lib/thumb/v7e-m+fp/hard/libc_nano.a(lib_a-signalr.o)
                0x0000000008008c44                _kill_r
 .text._getpid_r
                0x0000000008008c68        0x4 /opt/st/stm32cubeide_1.6.0/plugins/com.st.stm32cube.ide.mcu.externaltools.gnu-tools-for-stm32.9-2020-q2-update.linux64_1.5.0.202011040924/tools/bin/../lib/gcc/arm-none-eabi/9.3.1/../../../../arm-none-eabi/lib/thumb/v7e-m+fp/hard/libc_nano.a(lib_a-signalr.o)
                0x0000000008008c68                _getpid_r
 .text._malloc_r
                0x0000000008008c6c       0xb4 /opt/st/stm32cubeide_1.6.0/plugins/com.st.stm32cube.ide.mcu.externaltools.gnu-tools-for-stm32.9-2020-q2-update.linux64_1.5.0.202011040924/tools/bin/../lib/gcc/arm-none-eabi/9.3.1/../../../../arm-none-eabi/lib/thumb/v7e-m+fp/hard/libc_nano.a(lib_a-nano-mallocr.o)
                0x0000000008008c6c                _malloc_r
 .text._realloc_r
                0x0000000008008d20       0x4c /opt/st/stm32cubeide_1.6.0/plugins/com.st.stm32cube.ide.mcu.externaltools.gnu-tools-for-stm32.9-2020-q2-update.linux64_1.5.0.202011040924/tools/bin/../lib/gcc/arm-none-eabi/9.3.1/../../../../arm-none-eabi/lib/thumb/v7e-m+fp/hard/libc_nano.a(lib_a-nano-reallocr.o)
                0x0000000008008d20                _realloc_r
 .text._sbrk_r  0x0000000008008d6c       0x20 /opt/st/stm32cubeide_1.6.0/plugins/com.st.stm32cube.ide.mcu.externaltools.gnu-tools-for-stm32.9-2020-q2-update.linux64_1.5.0.202011040924/tools/bin/../lib/gcc/arm-none-eabi/9.3.1/../../../../arm-none-eabi/lib/thumb/v7e-m+fp/hard/libc_nano.a(lib_a-sbrkr.o)
                0x0000000008008d6c                _sbrk_r
 .text.__malloc_lock
                0x0000000008008d8c        0xc /opt/st/stm32cubeide_1.6.0/plugins/com.st.stm32cube.ide.mcu.externaltools.gnu-tools-for-stm32.9-2020-q2-update.linux64_1.5.0.202011040924/tools/bin/../lib/gcc/arm-none-eabi/9.3.1/../../../../arm-none-eabi/lib/thumb/v7e-m+fp/hard/libc_nano.a(lib_a-mlock.o)
                0x0000000008008d8c                __malloc_lock
 .text.__malloc_unlock
                0x0000000008008d98        0xc /opt/st/stm32cubeide_1.6.0/plugins/com.st.stm32cube.ide.mcu.externaltools.gnu-tools-for-stm32.9-2020-q2-update.linux64_1.5.0.202011040924/tools/bin/../lib/gcc/arm-none-eabi/9.3.1/../../../../arm-none-eabi/lib/thumb/v7e-m+fp/hard/libc_nano.a(lib_a-mlock.o)
                0x0000000008008d98                __malloc_unlock
 .text._free_r  0x0000000008008da4       0xa0 /opt/st/stm32cubeide_1.6.0/plugins/com.st.stm32cube.ide.mcu.externaltools.gnu-tools-for-stm32.9-2020-q2-update.linux64_1.5.0.202011040924/tools/bin/../lib/gcc/arm-none-eabi/9.3.1/../../../../arm-none-eabi/lib/thumb/v7e-m+fp/hard/libc_nano.a(lib_a-nano-freer.o)
                0x0000000008008da4                _free_r
 .text._malloc_usable_size_r
                0x0000000008008e44       0x10 /opt/st/stm32cubeide_1.6.0/plugins/com.st.stm32cube.ide.mcu.externaltools.gnu-tools-for-stm32.9-2020-q2-update.linux64_1.5.0.202011040924/tools/bin/../lib/gcc/arm-none-eabi/9.3.1/../../../../arm-none-eabi/lib/thumb/v7e-m+fp/hard/libc_nano.a(lib_a-nano-msizer.o)
                0x0000000008008e44                _malloc_usable_size_r
 .text.__retarget_lock_acquire_recursive
                0x0000000008008e54        0x2 /opt/st/stm32cubeide_1.6.0/plugins/com.st.stm32cube.ide.mcu.externaltools.gnu-tools-for-stm32.9-2020-q2-update.linux64_1.5.0.202011040924/tools/bin/../lib/gcc/arm-none-eabi/9.3.1/../../../../arm-none-eabi/lib/thumb/v7e-m+fp/hard/libc_nano.a(lib_a-lock.o)
                0x0000000008008e54                __retarget_lock_acquire_recursive
 .text.__retarget_lock_release_recursive
                0x0000000008008e56        0x2 /opt/st/stm32cubeide_1.6.0/plugins/com.st.stm32cube.ide.mcu.externaltools.gnu-tools-for-stm32.9-2020-q2-update.linux64_1.5.0.202011040924/tools/bin/../lib/gcc/arm-none-eabi/9.3.1/../../../../arm-none-eabi/lib/thumb/v7e-m+fp/hard/libc_nano.a(lib_a-lock.o)
                0x0000000008008e56                __retarget_lock_release_recursive
 *(.glue_7)
 .glue_7        0x0000000008008e58        0x0 linker stubs
 *(.glue_7t)
 .glue_7t       0x0000000008008e58        0x0 linker stubs
 *(.eh_frame)
 .eh_frame      0x0000000008008e58        0x0 /opt/st/stm32cubeide_1.6.0/plugins/com.st.stm32cube.ide.mcu.externaltools.gnu-tools-for-stm32.9-2020-q2-update.linux64_1.5.0.202011040924/tools/bin/../lib/gcc/arm-none-eabi/9.3.1/thumb/v7e-m+fp/hard/crtbegin.o
 *(.init)
 .init          0x0000000008008e58        0x4 /opt/st/stm32cubeide_1.6.0/plugins/com.st.stm32cube.ide.mcu.externaltools.gnu-tools-for-stm32.9-2020-q2-update.linux64_1.5.0.202011040924/tools/bin/../lib/gcc/arm-none-eabi/9.3.1/thumb/v7e-m+fp/hard/crti.o
                0x0000000008008e58                _init
 .init          0x0000000008008e5c        0x8 /opt/st/stm32cubeide_1.6.0/plugins/com.st.stm32cube.ide.mcu.externaltools.gnu-tools-for-stm32.9-2020-q2-update.linux64_1.5.0.202011040924/tools/bin/../lib/gcc/arm-none-eabi/9.3.1/thumb/v7e-m+fp/hard/crtn.o
 *(.fini)
 .fini          0x0000000008008e64        0x4 /opt/st/stm32cubeide_1.6.0/plugins/com.st.stm32cube.ide.mcu.externaltools.gnu-tools-for-stm32.9-2020-q2-update.linux64_1.5.0.202011040924/tools/bin/../lib/gcc/arm-none-eabi/9.3.1/thumb/v7e-m+fp/hard/crti.o
                0x0000000008008e64                _fini
 .fini          0x0000000008008e68        0x8 /opt/st/stm32cubeide_1.6.0/plugins/com.st.stm32cube.ide.mcu.externaltools.gnu-tools-for-stm32.9-2020-q2-update.linux64_1.5.0.202011040924/tools/bin/../lib/gcc/arm-none-eabi/9.3.1/thumb/v7e-m+fp/hard/crtn.o
                0x0000000008008e70                . = ALIGN (0x4)
                0x0000000008008e70                _etext = .

.vfp11_veneer   0x0000000008008e70        0x0
 .vfp11_veneer  0x0000000008008e70        0x0 linker stubs

.v4_bx          0x0000000008008e70        0x0
 .v4_bx         0x0000000008008e70        0x0 linker stubs

.iplt           0x0000000008008e70        0x0
 .iplt          0x0000000008008e70        0x0 /opt/st/stm32cubeide_1.6.0/plugins/com.st.stm32cube.ide.mcu.externaltools.gnu-tools-for-stm32.9-2020-q2-update.linux64_1.5.0.202011040924/tools/bin/../lib/gcc/arm-none-eabi/9.3.1/thumb/v7e-m+fp/hard/crtbegin.o

.rodata         0x0000000008008e70      0x334
                0x0000000008008e70                . = ALIGN (0x4)
 *(.rodata)
 .rodata        0x0000000008008e70      0x1f8 Core/Src/roshandler.o
 *(.rodata*)
 .rodata._ZN14rosserial_msgsL12REQUESTPARAME
                0x0000000008009068       0x1c Core/Src/roshandler.o
 .rodata._ZTVN3ros11NodeHandle_I13STM32HardwareLi25ELi25ELi512ELi512EEE
                0x0000000008009084       0x14 Core/Src/roshandler.o
                0x0000000008009084                vtable for ros::NodeHandle_<STM32Hardware, 25, 25, 512, 512>
 .rodata._ZTVN11sensor_msgs3ImuE
                0x0000000008009098       0x18 Core/Src/roshandler.o
                0x0000000008009098                vtable for sensor_msgs::Imu
 .rodata._ZTVN13geometry_msgs7Vector3E
                0x00000000080090b0       0x18 Core/Src/roshandler.o
                0x00000000080090b0                vtable for geometry_msgs::Vector3
 .rodata._ZTVN13geometry_msgs10QuaternionE
                0x00000000080090c8       0x18 Core/Src/roshandler.o
                0x00000000080090c8                vtable for geometry_msgs::Quaternion
 .rodata._ZTVN8std_msgs6HeaderE
                0x00000000080090e0       0x18 Core/Src/roshandler.o
                0x00000000080090e0                vtable for std_msgs::Header
 .rodata._ZTVN3ros15NodeHandleBase_E
                0x00000000080090f8       0x14 Core/Src/roshandler.o
                0x00000000080090f8                vtable for ros::NodeHandleBase_
 .rodata._ZTVN14rosserial_msgs20RequestParamResponseE
                0x000000000800910c       0x18 Core/Src/roshandler.o
                0x000000000800910c                vtable for rosserial_msgs::RequestParamResponse
 .rodata._ZTVN14rosserial_msgs3LogE
                0x0000000008009124       0x18 Core/Src/roshandler.o
                0x0000000008009124                vtable for rosserial_msgs::Log
 .rodata._ZTVN14rosserial_msgs9TopicInfoE
                0x000000000800913c       0x18 Core/Src/roshandler.o
                0x000000000800913c                vtable for rosserial_msgs::TopicInfo
 .rodata._ZTVN8std_msgs4TimeE
                0x0000000008009154       0x18 Core/Src/roshandler.o
                0x0000000008009154                vtable for std_msgs::Time
 .rodata._ZTVN3ros3MsgE
                0x000000000800916c       0x18 Core/Src/roshandler.o
                0x000000000800916c                vtable for ros::Msg
 .rodata.AHBPrescTable
                0x0000000008009184       0x10 Core/Src/system_stm32f4xx.o
                0x0000000008009184                AHBPrescTable
 .rodata.APBPrescTable
                0x0000000008009194        0x8 Core/Src/system_stm32f4xx.o
                0x0000000008009194                APBPrescTable
 .rodata.flagBitshiftOffset.8171
                0x000000000800919c        0x8 Drivers/STM32F4xx_HAL_Driver/Src/stm32f4xx_hal_dma.o
                0x00000000080091a4                . = ALIGN (0x4)

.ARM.extab      0x00000000080091a4        0x0
                0x00000000080091a4                . = ALIGN (0x4)
 *(.ARM.extab* .gnu.linkonce.armextab.*)
                0x00000000080091a4                . = ALIGN (0x4)

.ARM            0x00000000080091a4        0x8
                0x00000000080091a4                . = ALIGN (0x4)
                0x00000000080091a4                __exidx_start = .
 *(.ARM.exidx*)
 .ARM.exidx     0x00000000080091a4        0x8 /opt/st/stm32cubeide_1.6.0/plugins/com.st.stm32cube.ide.mcu.externaltools.gnu-tools-for-stm32.9-2020-q2-update.linux64_1.5.0.202011040924/tools/bin/../lib/gcc/arm-none-eabi/9.3.1/thumb/v7e-m+fp/hard/libgcc.a(_udivmoddi4.o)
                0x00000000080091ac                __exidx_end = .
                0x00000000080091ac                . = ALIGN (0x4)

.rel.dyn        0x00000000080091ac        0x0
 .rel.iplt      0x00000000080091ac        0x0 /opt/st/stm32cubeide_1.6.0/plugins/com.st.stm32cube.ide.mcu.externaltools.gnu-tools-for-stm32.9-2020-q2-update.linux64_1.5.0.202011040924/tools/bin/../lib/gcc/arm-none-eabi/9.3.1/thumb/v7e-m+fp/hard/crtbegin.o

.preinit_array  0x00000000080091ac        0x0
                0x00000000080091ac                . = ALIGN (0x4)
                0x00000000080091ac                PROVIDE (__preinit_array_start = .)
 *(.preinit_array*)
                0x00000000080091ac                PROVIDE (__preinit_array_end = .)
                0x00000000080091ac                . = ALIGN (0x4)

.init_array     0x00000000080091ac        0x8
                0x00000000080091ac                . = ALIGN (0x4)
                0x00000000080091ac                PROVIDE (__init_array_start = .)
 *(SORT_BY_NAME(.init_array.*))
 *(.init_array*)
 .init_array    0x00000000080091ac        0x4 /opt/st/stm32cubeide_1.6.0/plugins/com.st.stm32cube.ide.mcu.externaltools.gnu-tools-for-stm32.9-2020-q2-update.linux64_1.5.0.202011040924/tools/bin/../lib/gcc/arm-none-eabi/9.3.1/thumb/v7e-m+fp/hard/crtbegin.o
 .init_array    0x00000000080091b0        0x4 Core/Src/roshandler.o
                0x00000000080091b4                PROVIDE (__init_array_end = .)
                0x00000000080091b4                . = ALIGN (0x4)

.fini_array     0x00000000080091b4        0x4
                0x00000000080091b4                . = ALIGN (0x4)
                [!provide]                        PROVIDE (__fini_array_start = .)
 *(SORT_BY_NAME(.fini_array.*))
 *(.fini_array*)
 .fini_array    0x00000000080091b4        0x4 /opt/st/stm32cubeide_1.6.0/plugins/com.st.stm32cube.ide.mcu.externaltools.gnu-tools-for-stm32.9-2020-q2-update.linux64_1.5.0.202011040924/tools/bin/../lib/gcc/arm-none-eabi/9.3.1/thumb/v7e-m+fp/hard/crtbegin.o
                [!provide]                        PROVIDE (__fini_array_end = .)
                0x00000000080091b8                . = ALIGN (0x4)
                0x00000000080091b8                _sidata = LOADADDR (.data)

.data           0x0000000020000000       0x7c load address 0x00000000080091b8
                0x0000000020000000                . = ALIGN (0x4)
                0x0000000020000000                _sdata = .
 *(.data)
 *(.data*)
 .data.Gbw      0x0000000020000000        0x1 Core/Src/BNO055.o
                0x0000000020000000                Gbw
 .data.Ascale   0x0000000020000001        0x1 Core/Src/BNO055.o
                0x0000000020000001                Ascale
 .data.Abw      0x0000000020000002        0x1 Core/Src/BNO055.o
                0x0000000020000002                Abw
 .data.MOpMode  0x0000000020000003        0x1 Core/Src/BNO055.o
                0x0000000020000003                MOpMode
 .data.Modr     0x0000000020000004        0x1 Core/Src/BNO055.o
                0x0000000020000004                Modr
 .data.OPRMode  0x0000000020000005        0x1 Core/Src/BNO055.o
                0x0000000020000005                OPRMode
 *fill*         0x0000000020000006        0x2 
 .data.SystemCoreClock
                0x0000000020000008        0x4 Core/Src/system_stm32f4xx.o
                0x0000000020000008                SystemCoreClock
 .data.uwTickPrio
                0x000000002000000c        0x4 Drivers/STM32F4xx_HAL_Driver/Src/stm32f4xx_hal.o
                0x000000002000000c                uwTickPrio
 .data.uwTickFreq
                0x0000000020000010        0x1 Drivers/STM32F4xx_HAL_Driver/Src/stm32f4xx_hal.o
                0x0000000020000010                uwTickFreq
 *fill*         0x0000000020000011        0x3 
 .data._ZN10__cxxabiv119__terminate_handlerE
                0x0000000020000014        0x4 /opt/st/stm32cubeide_1.6.0/plugins/com.st.stm32cube.ide.mcu.externaltools.gnu-tools-for-stm32.9-2020-q2-update.linux64_1.5.0.202011040924/tools/bin/../lib/gcc/arm-none-eabi/9.3.1/../../../../arm-none-eabi/lib/thumb/v7e-m+fp/hard/libstdc++_nano.a(eh_term_handler.o)
                0x0000000020000014                __cxxabiv1::__terminate_handler
 .data._impure_ptr
                0x0000000020000018        0x4 /opt/st/stm32cubeide_1.6.0/plugins/com.st.stm32cube.ide.mcu.externaltools.gnu-tools-for-stm32.9-2020-q2-update.linux64_1.5.0.202011040924/tools/bin/../lib/gcc/arm-none-eabi/9.3.1/../../../../arm-none-eabi/lib/thumb/v7e-m+fp/hard/libc_nano.a(lib_a-impure.o)
                0x0000000020000018                _impure_ptr
 .data.impure_data
                0x000000002000001c       0x60 /opt/st/stm32cubeide_1.6.0/plugins/com.st.stm32cube.ide.mcu.externaltools.gnu-tools-for-stm32.9-2020-q2-update.linux64_1.5.0.202011040924/tools/bin/../lib/gcc/arm-none-eabi/9.3.1/../../../../arm-none-eabi/lib/thumb/v7e-m+fp/hard/libc_nano.a(lib_a-impure.o)
 *(.RamFunc)
 *(.RamFunc*)
                0x000000002000007c                . = ALIGN (0x4)
                0x000000002000007c                _edata = .

.igot.plt       0x000000002000007c        0x0 load address 0x0000000008009234
 .igot.plt      0x000000002000007c        0x0 /opt/st/stm32cubeide_1.6.0/plugins/com.st.stm32cube.ide.mcu.externaltools.gnu-tools-for-stm32.9-2020-q2-update.linux64_1.5.0.202011040924/tools/bin/../lib/gcc/arm-none-eabi/9.3.1/thumb/v7e-m+fp/hard/crtbegin.o
                0x000000002000007c                . = ALIGN (0x4)

.bss            0x0000000020000080      0xd48 load address 0x0000000008009234
                0x0000000020000080                _sbss = .
                0x0000000020000080                __bss_start__ = _sbss
 *(.bss)
 .bss           0x0000000020000080       0x1c /opt/st/stm32cubeide_1.6.0/plugins/com.st.stm32cube.ide.mcu.externaltools.gnu-tools-for-stm32.9-2020-q2-update.linux64_1.5.0.202011040924/tools/bin/../lib/gcc/arm-none-eabi/9.3.1/thumb/v7e-m+fp/hard/crtbegin.o
 *(.bss*)
 .bss.GPwrMode  0x000000002000009c        0x1 Core/Src/BNO055.o
                0x000000002000009c                GPwrMode
 .bss.Gscale    0x000000002000009d        0x1 Core/Src/BNO055.o
                0x000000002000009d                Gscale
 .bss.APwrMode  0x000000002000009e        0x1 Core/Src/BNO055.o
                0x000000002000009e                APwrMode
 .bss.MPwrMode  0x000000002000009f        0x1 Core/Src/BNO055.o
                0x000000002000009f                MPwrMode
 .bss.PWRMode   0x00000000200000a0        0x1 Core/Src/BNO055.o
                0x00000000200000a0                PWRMode
 .bss._ZZN13STM32Hardware5flushEvE5mutex
                0x00000000200000a1        0x1 Core/Src/roshandler.o
                0x00000000200000a1                STM32Hardware::flush()::mutex
 *fill*         0x00000000200000a2        0x2 
 .bss.IMU_Euler
                0x00000000200000a4        0xc Core/Src/roshandler.o
                0x00000000200000a4                IMU_Euler
 .bss.IMU_Quarternion
                0x00000000200000b0       0x10 Core/Src/roshandler.o
                0x00000000200000b0                IMU_Quarternion
 .bss.nh        0x00000000200000c0      0x93c Core/Src/roshandler.o
                0x00000000200000c0                nh
 *fill*         0x00000000200009fc        0x4 
 .bss.BNO       0x0000000020000a00      0x158 Core/Src/roshandler.o
                0x0000000020000a00                BNO
 .bss.bno       0x0000000020000b58       0x14 Core/Src/roshandler.o
                0x0000000020000b58                bno
 .bss.__sbrk_heap_end
                0x0000000020000b6c        0x4 Core/Src/sysmem.o
 .bss.__malloc_free_list
                0x0000000020000b70        0x4 /opt/st/stm32cubeide_1.6.0/plugins/com.st.stm32cube.ide.mcu.externaltools.gnu-tools-for-stm32.9-2020-q2-update.linux64_1.5.0.202011040924/tools/bin/../lib/gcc/arm-none-eabi/9.3.1/../../../../arm-none-eabi/lib/thumb/v7e-m+fp/hard/libc_nano.a(lib_a-nano-mallocr.o)
                0x0000000020000b70                __malloc_free_list
 .bss.__malloc_sbrk_start
                0x0000000020000b74        0x4 /opt/st/stm32cubeide_1.6.0/plugins/com.st.stm32cube.ide.mcu.externaltools.gnu-tools-for-stm32.9-2020-q2-update.linux64_1.5.0.202011040924/tools/bin/../lib/gcc/arm-none-eabi/9.3.1/../../../../arm-none-eabi/lib/thumb/v7e-m+fp/hard/libc_nano.a(lib_a-nano-mallocr.o)
                0x0000000020000b74                __malloc_sbrk_start
 *(COMMON)
 COMMON         0x0000000020000b78       0x21 Core/Src/BNO055.o
                0x0000000020000b78                aRes
                0x0000000020000b7c                gRes
                0x0000000020000b80                imu_readings
                0x0000000020000b94                mRes
                0x0000000020000b98                status
 *fill*         0x0000000020000b99        0x3 
 COMMON         0x0000000020000b9c      0x218 Core/Src/main.o
                0x0000000020000b9c                hdma_usart3_rx
                0x0000000020000bfc                huart3
                0x0000000020000c40                hdma_i2c1_tx
                0x0000000020000ca0                hi2c1
                0x0000000020000cf4                hdma_usart3_tx
                0x0000000020000d54                hdma_i2c1_rx
 COMMON         0x0000000020000db4        0x4 Drivers/STM32F4xx_HAL_Driver/Src/stm32f4xx_hal.o
                0x0000000020000db4                uwTick
 COMMON         0x0000000020000db8        0x4 /opt/st/stm32cubeide_1.6.0/plugins/com.st.stm32cube.ide.mcu.externaltools.gnu-tools-for-stm32.9-2020-q2-update.linux64_1.5.0.202011040924/tools/bin/../lib/gcc/arm-none-eabi/9.3.1/../../../../arm-none-eabi/lib/thumb/v7e-m+fp/hard/libc_nano.a(lib_a-reent.o)
                0x0000000020000db8                errno
 COMMON         0x0000000020000dbc        0x9 /opt/st/stm32cubeide_1.6.0/plugins/com.st.stm32cube.ide.mcu.externaltools.gnu-tools-for-stm32.9-2020-q2-update.linux64_1.5.0.202011040924/tools/bin/../lib/gcc/arm-none-eabi/9.3.1/../../../../arm-none-eabi/lib/thumb/v7e-m+fp/hard/libc_nano.a(lib_a-lock.o)
                0x0000000020000dbc                __lock___atexit_recursive_mutex
                0x0000000020000dbd                __lock___arc4random_mutex
                0x0000000020000dbe                __lock___env_recursive_mutex
                0x0000000020000dbf                __lock___sinit_recursive_mutex
                0x0000000020000dc0                __lock___malloc_recursive_mutex
                0x0000000020000dc1                __lock___at_quick_exit_mutex
                0x0000000020000dc2                __lock___dd_hash_mutex
                0x0000000020000dc3                __lock___tz_mutex
                0x0000000020000dc4                __lock___sfp_recursive_mutex
                0x0000000020000dc8                . = ALIGN (0x4)
 *fill*         0x0000000020000dc5        0x3 
                0x0000000020000dc8                _ebss = .
                0x0000000020000dc8                __bss_end__ = _ebss

._user_heap_stack
                0x0000000020000dc8      0x600 load address 0x0000000008009234
                0x0000000020000dc8                . = ALIGN (0x8)
                [!provide]                        PROVIDE (end = .)
                0x0000000020000dc8                PROVIDE (_end = .)
                0x0000000020000fc8                . = (. + _Min_Heap_Size)
 *fill*         0x0000000020000dc8      0x200 
                0x00000000200013c8                . = (. + _Min_Stack_Size)
 *fill*         0x0000000020000fc8      0x400 
                0x00000000200013c8                . = ALIGN (0x8)

/DISCARD/
 libc.a(*)
 libm.a(*)
 libgcc.a(*)

.ARM.attributes
                0x0000000000000000       0x30
 *(.ARM.attributes)
 .ARM.attributes
                0x0000000000000000       0x1e /opt/st/stm32cubeide_1.6.0/plugins/com.st.stm32cube.ide.mcu.externaltools.gnu-tools-for-stm32.9-2020-q2-update.linux64_1.5.0.202011040924/tools/bin/../lib/gcc/arm-none-eabi/9.3.1/thumb/v7e-m+fp/hard/crti.o
 .ARM.attributes
                0x000000000000001e       0x34 /opt/st/stm32cubeide_1.6.0/plugins/com.st.stm32cube.ide.mcu.externaltools.gnu-tools-for-stm32.9-2020-q2-update.linux64_1.5.0.202011040924/tools/bin/../lib/gcc/arm-none-eabi/9.3.1/thumb/v7e-m+fp/hard/crtbegin.o
 .ARM.attributes
                0x0000000000000052       0x34 Core/Src/BNO055.o
 .ARM.attributes
                0x0000000000000086       0x34 Core/Src/main.o
 .ARM.attributes
                0x00000000000000ba       0x34 Core/Src/roshandler.o
 .ARM.attributes
                0x00000000000000ee       0x34 Core/Src/stm32f4xx_hal_msp.o
 .ARM.attributes
                0x0000000000000122       0x34 Core/Src/stm32f4xx_it.o
 .ARM.attributes
                0x0000000000000156       0x34 Core/Src/syscalls.o
 .ARM.attributes
                0x000000000000018a       0x34 Core/Src/sysmem.o
 .ARM.attributes
                0x00000000000001be       0x34 Core/Src/system_stm32f4xx.o
 .ARM.attributes
                0x00000000000001f2       0x34 Core/Src/time.o
 .ARM.attributes
                0x0000000000000226       0x21 Core/Startup/startup_stm32f429zitx.o
 .ARM.attributes
                0x0000000000000247       0x34 Drivers/STM32F4xx_HAL_Driver/Src/stm32f4xx_hal.o
 .ARM.attributes
                0x000000000000027b       0x34 Drivers/STM32F4xx_HAL_Driver/Src/stm32f4xx_hal_cortex.o
 .ARM.attributes
                0x00000000000002af       0x34 Drivers/STM32F4xx_HAL_Driver/Src/stm32f4xx_hal_dma.o
 .ARM.attributes
                0x00000000000002e3       0x34 Drivers/STM32F4xx_HAL_Driver/Src/stm32f4xx_hal_gpio.o
 .ARM.attributes
                0x0000000000000317       0x34 Drivers/STM32F4xx_HAL_Driver/Src/stm32f4xx_hal_i2c.o
 .ARM.attributes
                0x000000000000034b       0x34 Drivers/STM32F4xx_HAL_Driver/Src/stm32f4xx_hal_i2c_ex.o
 .ARM.attributes
                0x000000000000037f       0x34 Drivers/STM32F4xx_HAL_Driver/Src/stm32f4xx_hal_rcc.o
 .ARM.attributes
                0x00000000000003b3       0x34 Drivers/STM32F4xx_HAL_Driver/Src/stm32f4xx_hal_uart.o
 .ARM.attributes
                0x00000000000003e7       0x34 /opt/st/stm32cubeide_1.6.0/plugins/com.st.stm32cube.ide.mcu.externaltools.gnu-tools-for-stm32.9-2020-q2-update.linux64_1.5.0.202011040924/tools/bin/../lib/gcc/arm-none-eabi/9.3.1/../../../../arm-none-eabi/lib/thumb/v7e-m+fp/hard/libstdc++_nano.a(pure.o)
 .ARM.attributes
                0x000000000000041b       0x34 /opt/st/stm32cubeide_1.6.0/plugins/com.st.stm32cube.ide.mcu.externaltools.gnu-tools-for-stm32.9-2020-q2-update.linux64_1.5.0.202011040924/tools/bin/../lib/gcc/arm-none-eabi/9.3.1/../../../../arm-none-eabi/lib/thumb/v7e-m+fp/hard/libstdc++_nano.a(eh_terminate.o)
 .ARM.attributes
                0x000000000000044f       0x32 /opt/st/stm32cubeide_1.6.0/plugins/com.st.stm32cube.ide.mcu.externaltools.gnu-tools-for-stm32.9-2020-q2-update.linux64_1.5.0.202011040924/tools/bin/../lib/gcc/arm-none-eabi/9.3.1/../../../../arm-none-eabi/lib/thumb/v7e-m+fp/hard/libstdc++_nano.a(eh_term_handler.o)
 .ARM.attributes
                0x0000000000000481       0x34 /opt/st/stm32cubeide_1.6.0/plugins/com.st.stm32cube.ide.mcu.externaltools.gnu-tools-for-stm32.9-2020-q2-update.linux64_1.5.0.202011040924/tools/bin/../lib/gcc/arm-none-eabi/9.3.1/../../../../arm-none-eabi/lib/thumb/v7e-m+fp/hard/libc_nano.a(lib_a-abort.o)
 .ARM.attributes
                0x00000000000004b5       0x34 /opt/st/stm32cubeide_1.6.0/plugins/com.st.stm32cube.ide.mcu.externaltools.gnu-tools-for-stm32.9-2020-q2-update.linux64_1.5.0.202011040924/tools/bin/../lib/gcc/arm-none-eabi/9.3.1/../../../../arm-none-eabi/lib/thumb/v7e-m+fp/hard/libc_nano.a(lib_a-errno.o)
 .ARM.attributes
                0x00000000000004e9       0x32 /opt/st/stm32cubeide_1.6.0/plugins/com.st.stm32cube.ide.mcu.externaltools.gnu-tools-for-stm32.9-2020-q2-update.linux64_1.5.0.202011040924/tools/bin/../lib/gcc/arm-none-eabi/9.3.1/../../../../arm-none-eabi/lib/thumb/v7e-m+fp/hard/libc_nano.a(lib_a-impure.o)
 .ARM.attributes
                0x000000000000051b       0x34 /opt/st/stm32cubeide_1.6.0/plugins/com.st.stm32cube.ide.mcu.externaltools.gnu-tools-for-stm32.9-2020-q2-update.linux64_1.5.0.202011040924/tools/bin/../lib/gcc/arm-none-eabi/9.3.1/../../../../arm-none-eabi/lib/thumb/v7e-m+fp/hard/libc_nano.a(lib_a-init.o)
 .ARM.attributes
                0x000000000000054f       0x34 /opt/st/stm32cubeide_1.6.0/plugins/com.st.stm32cube.ide.mcu.externaltools.gnu-tools-for-stm32.9-2020-q2-update.linux64_1.5.0.202011040924/tools/bin/../lib/gcc/arm-none-eabi/9.3.1/../../../../arm-none-eabi/lib/thumb/v7e-m+fp/hard/libc_nano.a(lib_a-memcpy-stub.o)
 .ARM.attributes
                0x0000000000000583       0x34 /opt/st/stm32cubeide_1.6.0/plugins/com.st.stm32cube.ide.mcu.externaltools.gnu-tools-for-stm32.9-2020-q2-update.linux64_1.5.0.202011040924/tools/bin/../lib/gcc/arm-none-eabi/9.3.1/../../../../arm-none-eabi/lib/thumb/v7e-m+fp/hard/libc_nano.a(lib_a-memset.o)
 .ARM.attributes
                0x00000000000005b7       0x34 /opt/st/stm32cubeide_1.6.0/plugins/com.st.stm32cube.ide.mcu.externaltools.gnu-tools-for-stm32.9-2020-q2-update.linux64_1.5.0.202011040924/tools/bin/../lib/gcc/arm-none-eabi/9.3.1/../../../../arm-none-eabi/lib/thumb/v7e-m+fp/hard/libc_nano.a(lib_a-realloc.o)
 .ARM.attributes
                0x00000000000005eb       0x34 /opt/st/stm32cubeide_1.6.0/plugins/com.st.stm32cube.ide.mcu.externaltools.gnu-tools-for-stm32.9-2020-q2-update.linux64_1.5.0.202011040924/tools/bin/../lib/gcc/arm-none-eabi/9.3.1/../../../../arm-none-eabi/lib/thumb/v7e-m+fp/hard/libc_nano.a(lib_a-signal.o)
 .ARM.attributes
                0x000000000000061f       0x34 /opt/st/stm32cubeide_1.6.0/plugins/com.st.stm32cube.ide.mcu.externaltools.gnu-tools-for-stm32.9-2020-q2-update.linux64_1.5.0.202011040924/tools/bin/../lib/gcc/arm-none-eabi/9.3.1/../../../../arm-none-eabi/lib/thumb/v7e-m+fp/hard/libc_nano.a(lib_a-signalr.o)
 .ARM.attributes
                0x0000000000000653       0x17 /opt/st/stm32cubeide_1.6.0/plugins/com.st.stm32cube.ide.mcu.externaltools.gnu-tools-for-stm32.9-2020-q2-update.linux64_1.5.0.202011040924/tools/bin/../lib/gcc/arm-none-eabi/9.3.1/../../../../arm-none-eabi/lib/thumb/v7e-m+fp/hard/libc_nano.a(lib_a-strlen.o)
 .ARM.attributes
                0x000000000000066a       0x34 /opt/st/stm32cubeide_1.6.0/plugins/com.st.stm32cube.ide.mcu.externaltools.gnu-tools-for-stm32.9-2020-q2-update.linux64_1.5.0.202011040924/tools/bin/../lib/gcc/arm-none-eabi/9.3.1/../../../../arm-none-eabi/lib/thumb/v7e-m+fp/hard/libc_nano.a(lib_a-nano-mallocr.o)
 .ARM.attributes
                0x000000000000069e       0x34 /opt/st/stm32cubeide_1.6.0/plugins/com.st.stm32cube.ide.mcu.externaltools.gnu-tools-for-stm32.9-2020-q2-update.linux64_1.5.0.202011040924/tools/bin/../lib/gcc/arm-none-eabi/9.3.1/../../../../arm-none-eabi/lib/thumb/v7e-m+fp/hard/libc_nano.a(lib_a-nano-reallocr.o)
 .ARM.attributes
                0x00000000000006d2       0x34 /opt/st/stm32cubeide_1.6.0/plugins/com.st.stm32cube.ide.mcu.externaltools.gnu-tools-for-stm32.9-2020-q2-update.linux64_1.5.0.202011040924/tools/bin/../lib/gcc/arm-none-eabi/9.3.1/../../../../arm-none-eabi/lib/thumb/v7e-m+fp/hard/libc_nano.a(lib_a-reent.o)
 .ARM.attributes
                0x0000000000000706       0x34 /opt/st/stm32cubeide_1.6.0/plugins/com.st.stm32cube.ide.mcu.externaltools.gnu-tools-for-stm32.9-2020-q2-update.linux64_1.5.0.202011040924/tools/bin/../lib/gcc/arm-none-eabi/9.3.1/../../../../arm-none-eabi/lib/thumb/v7e-m+fp/hard/libc_nano.a(lib_a-sbrkr.o)
 .ARM.attributes
                0x000000000000073a       0x34 /opt/st/stm32cubeide_1.6.0/plugins/com.st.stm32cube.ide.mcu.externaltools.gnu-tools-for-stm32.9-2020-q2-update.linux64_1.5.0.202011040924/tools/bin/../lib/gcc/arm-none-eabi/9.3.1/../../../../arm-none-eabi/lib/thumb/v7e-m+fp/hard/libc_nano.a(lib_a-mlock.o)
 .ARM.attributes
                0x000000000000076e       0x34 /opt/st/stm32cubeide_1.6.0/plugins/com.st.stm32cube.ide.mcu.externaltools.gnu-tools-for-stm32.9-2020-q2-update.linux64_1.5.0.202011040924/tools/bin/../lib/gcc/arm-none-eabi/9.3.1/../../../../arm-none-eabi/lib/thumb/v7e-m+fp/hard/libc_nano.a(lib_a-nano-freer.o)
 .ARM.attributes
                0x00000000000007a2       0x34 /opt/st/stm32cubeide_1.6.0/plugins/com.st.stm32cube.ide.mcu.externaltools.gnu-tools-for-stm32.9-2020-q2-update.linux64_1.5.0.202011040924/tools/bin/../lib/gcc/arm-none-eabi/9.3.1/../../../../arm-none-eabi/lib/thumb/v7e-m+fp/hard/libc_nano.a(lib_a-nano-msizer.o)
 .ARM.attributes
                0x00000000000007d6       0x34 /opt/st/stm32cubeide_1.6.0/plugins/com.st.stm32cube.ide.mcu.externaltools.gnu-tools-for-stm32.9-2020-q2-update.linux64_1.5.0.202011040924/tools/bin/../lib/gcc/arm-none-eabi/9.3.1/../../../../arm-none-eabi/lib/thumb/v7e-m+fp/hard/libc_nano.a(lib_a-lock.o)
 .ARM.attributes
                0x000000000000080a       0x1e /opt/st/stm32cubeide_1.6.0/plugins/com.st.stm32cube.ide.mcu.externaltools.gnu-tools-for-stm32.9-2020-q2-update.linux64_1.5.0.202011040924/tools/bin/../lib/gcc/arm-none-eabi/9.3.1/thumb/v7e-m+fp/hard/libgcc.a(_arm_addsubdf3.o)
 .ARM.attributes
                0x0000000000000828       0x1e /opt/st/stm32cubeide_1.6.0/plugins/com.st.stm32cube.ide.mcu.externaltools.gnu-tools-for-stm32.9-2020-q2-update.linux64_1.5.0.202011040924/tools/bin/../lib/gcc/arm-none-eabi/9.3.1/thumb/v7e-m+fp/hard/libgcc.a(_aeabi_uldivmod.o)
 .ARM.attributes
                0x0000000000000846       0x34 /opt/st/stm32cubeide_1.6.0/plugins/com.st.stm32cube.ide.mcu.externaltools.gnu-tools-for-stm32.9-2020-q2-update.linux64_1.5.0.202011040924/tools/bin/../lib/gcc/arm-none-eabi/9.3.1/thumb/v7e-m+fp/hard/libgcc.a(_udivmoddi4.o)
 .ARM.attributes
                0x000000000000087a       0x1e /opt/st/stm32cubeide_1.6.0/plugins/com.st.stm32cube.ide.mcu.externaltools.gnu-tools-for-stm32.9-2020-q2-update.linux64_1.5.0.202011040924/tools/bin/../lib/gcc/arm-none-eabi/9.3.1/thumb/v7e-m+fp/hard/libgcc.a(_dvmd_tls.o)
 .ARM.attributes
                0x0000000000000898       0x1e /opt/st/stm32cubeide_1.6.0/plugins/com.st.stm32cube.ide.mcu.externaltools.gnu-tools-for-stm32.9-2020-q2-update.linux64_1.5.0.202011040924/tools/bin/../lib/gcc/arm-none-eabi/9.3.1/thumb/v7e-m+fp/hard/crtn.o
OUTPUT(BNO055.elf elf32-littlearm)
LOAD linker stubs
LOAD /opt/st/stm32cubeide_1.6.0/plugins/com.st.stm32cube.ide.mcu.externaltools.gnu-tools-for-stm32.9-2020-q2-update.linux64_1.5.0.202011040924/tools/bin/../lib/gcc/arm-none-eabi/9.3.1/../../../../arm-none-eabi/lib/thumb/v7e-m+fp/hard/libc.a
LOAD /opt/st/stm32cubeide_1.6.0/plugins/com.st.stm32cube.ide.mcu.externaltools.gnu-tools-for-stm32.9-2020-q2-update.linux64_1.5.0.202011040924/tools/bin/../lib/gcc/arm-none-eabi/9.3.1/../../../../arm-none-eabi/lib/thumb/v7e-m+fp/hard/libm.a
LOAD /opt/st/stm32cubeide_1.6.0/plugins/com.st.stm32cube.ide.mcu.externaltools.gnu-tools-for-stm32.9-2020-q2-update.linux64_1.5.0.202011040924/tools/bin/../lib/gcc/arm-none-eabi/9.3.1/thumb/v7e-m+fp/hard/libgcc.a

.debug_info     0x0000000000000000    0x17a1f
 .debug_info    0x0000000000000000      0xfff Core/Src/BNO055.o
 .debug_info    0x0000000000000fff     0x12a2 Core/Src/main.o
 .debug_info    0x00000000000022a1     0x7af5 Core/Src/roshandler.o
 .debug_info    0x0000000000009d96     0x1015 Core/Src/stm32f4xx_hal_msp.o
 .debug_info    0x000000000000adab      0x786 Core/Src/stm32f4xx_it.o
 .debug_info    0x000000000000b531      0xfa8 Core/Src/syscalls.o
 .debug_info    0x000000000000c4d9      0xa25 Core/Src/sysmem.o
 .debug_info    0x000000000000cefe      0x5c0 Core/Src/system_stm32f4xx.o
 .debug_info    0x000000000000d4be     0x2bdb Core/Src/time.o
 .debug_info    0x0000000000010099       0x22 Core/Startup/startup_stm32f429zitx.o
 .debug_info    0x00000000000100bb      0xa2a Drivers/STM32F4xx_HAL_Driver/Src/stm32f4xx_hal.o
 .debug_info    0x0000000000010ae5      0xf0d Drivers/STM32F4xx_HAL_Driver/Src/stm32f4xx_hal_cortex.o
 .debug_info    0x00000000000119f2      0x9f1 Drivers/STM32F4xx_HAL_Driver/Src/stm32f4xx_hal_dma.o
 .debug_info    0x00000000000123e3      0x85a Drivers/STM32F4xx_HAL_Driver/Src/stm32f4xx_hal_gpio.o
 .debug_info    0x0000000000012c3d     0x2641 Drivers/STM32F4xx_HAL_Driver/Src/stm32f4xx_hal_i2c.o
 .debug_info    0x000000000001527e      0x78a Drivers/STM32F4xx_HAL_Driver/Src/stm32f4xx_hal_i2c_ex.o
 .debug_info    0x0000000000015a08      0x9b2 Drivers/STM32F4xx_HAL_Driver/Src/stm32f4xx_hal_rcc.o
 .debug_info    0x00000000000163ba     0x1665 Drivers/STM32F4xx_HAL_Driver/Src/stm32f4xx_hal_uart.o

.debug_abbrev   0x0000000000000000     0x2d56
 .debug_abbrev  0x0000000000000000      0x22b Core/Src/BNO055.o
 .debug_abbrev  0x000000000000022b      0x267 Core/Src/main.o
 .debug_abbrev  0x0000000000000492      0x8f5 Core/Src/roshandler.o
 .debug_abbrev  0x0000000000000d87      0x1e2 Core/Src/stm32f4xx_hal_msp.o
 .debug_abbrev  0x0000000000000f69      0x17d Core/Src/stm32f4xx_it.o
 .debug_abbrev  0x00000000000010e6      0x286 Core/Src/syscalls.o
 .debug_abbrev  0x000000000000136c      0x1bf Core/Src/sysmem.o
 .debug_abbrev  0x000000000000152b      0x145 Core/Src/system_stm32f4xx.o
 .debug_abbrev  0x0000000000001670      0x454 Core/Src/time.o
 .debug_abbrev  0x0000000000001ac4       0x12 Core/Startup/startup_stm32f429zitx.o
 .debug_abbrev  0x0000000000001ad6      0x1ed Drivers/STM32F4xx_HAL_Driver/Src/stm32f4xx_hal.o
 .debug_abbrev  0x0000000000001cc3      0x33c Drivers/STM32F4xx_HAL_Driver/Src/stm32f4xx_hal_cortex.o
 .debug_abbrev  0x0000000000001fff      0x259 Drivers/STM32F4xx_HAL_Driver/Src/stm32f4xx_hal_dma.o
 .debug_abbrev  0x0000000000002258      0x1f1 Drivers/STM32F4xx_HAL_Driver/Src/stm32f4xx_hal_gpio.o
 .debug_abbrev  0x0000000000002449      0x282 Drivers/STM32F4xx_HAL_Driver/Src/stm32f4xx_hal_i2c.o
 .debug_abbrev  0x00000000000026cb      0x18b Drivers/STM32F4xx_HAL_Driver/Src/stm32f4xx_hal_i2c_ex.o
 .debug_abbrev  0x0000000000002856      0x275 Drivers/STM32F4xx_HAL_Driver/Src/stm32f4xx_hal_rcc.o
 .debug_abbrev  0x0000000000002acb      0x28b Drivers/STM32F4xx_HAL_Driver/Src/stm32f4xx_hal_uart.o

.debug_aranges  0x0000000000000000      0xda8
 .debug_aranges
                0x0000000000000000       0x70 Core/Src/BNO055.o
 .debug_aranges
                0x0000000000000070       0x50 Core/Src/main.o
 .debug_aranges
                0x00000000000000c0      0x270 Core/Src/roshandler.o
 .debug_aranges
                0x0000000000000330       0x40 Core/Src/stm32f4xx_hal_msp.o
 .debug_aranges
                0x0000000000000370       0x88 Core/Src/stm32f4xx_it.o
 .debug_aranges
                0x00000000000003f8       0xa8 Core/Src/syscalls.o
 .debug_aranges
                0x00000000000004a0       0x20 Core/Src/sysmem.o
 .debug_aranges
                0x00000000000004c0       0x28 Core/Src/system_stm32f4xx.o
 .debug_aranges
                0x00000000000004e8       0x48 Core/Src/time.o
 .debug_aranges
                0x0000000000000530       0x28 Core/Startup/startup_stm32f429zitx.o
 .debug_aranges
                0x0000000000000558      0x100 Drivers/STM32F4xx_HAL_Driver/Src/stm32f4xx_hal.o
 .debug_aranges
                0x0000000000000658      0x118 Drivers/STM32F4xx_HAL_Driver/Src/stm32f4xx_hal_cortex.o
 .debug_aranges
                0x0000000000000770       0x90 Drivers/STM32F4xx_HAL_Driver/Src/stm32f4xx_hal_dma.o
 .debug_aranges
                0x0000000000000800       0x58 Drivers/STM32F4xx_HAL_Driver/Src/stm32f4xx_hal_gpio.o
 .debug_aranges
                0x0000000000000858      0x2a0 Drivers/STM32F4xx_HAL_Driver/Src/stm32f4xx_hal_i2c.o
 .debug_aranges
                0x0000000000000af8       0x28 Drivers/STM32F4xx_HAL_Driver/Src/stm32f4xx_hal_i2c_ex.o
 .debug_aranges
                0x0000000000000b20       0x88 Drivers/STM32F4xx_HAL_Driver/Src/stm32f4xx_hal_rcc.o
 .debug_aranges
                0x0000000000000ba8      0x200 Drivers/STM32F4xx_HAL_Driver/Src/stm32f4xx_hal_uart.o

.debug_ranges   0x0000000000000000      0xd00
 .debug_ranges  0x0000000000000000       0x60 Core/Src/BNO055.o
 .debug_ranges  0x0000000000000060       0x40 Core/Src/main.o
 .debug_ranges  0x00000000000000a0      0x278 Core/Src/roshandler.o
 .debug_ranges  0x0000000000000318       0x30 Core/Src/stm32f4xx_hal_msp.o
 .debug_ranges  0x0000000000000348       0x78 Core/Src/stm32f4xx_it.o
 .debug_ranges  0x00000000000003c0       0x98 Core/Src/syscalls.o
 .debug_ranges  0x0000000000000458       0x10 Core/Src/sysmem.o
 .debug_ranges  0x0000000000000468       0x18 Core/Src/system_stm32f4xx.o
 .debug_ranges  0x0000000000000480       0x38 Core/Src/time.o
 .debug_ranges  0x00000000000004b8       0x20 Core/Startup/startup_stm32f429zitx.o
 .debug_ranges  0x00000000000004d8       0xf0 Drivers/STM32F4xx_HAL_Driver/Src/stm32f4xx_hal.o
 .debug_ranges  0x00000000000005c8      0x108 Drivers/STM32F4xx_HAL_Driver/Src/stm32f4xx_hal_cortex.o
 .debug_ranges  0x00000000000006d0       0x80 Drivers/STM32F4xx_HAL_Driver/Src/stm32f4xx_hal_dma.o
 .debug_ranges  0x0000000000000750       0x48 Drivers/STM32F4xx_HAL_Driver/Src/stm32f4xx_hal_gpio.o
 .debug_ranges  0x0000000000000798      0x2b8 Drivers/STM32F4xx_HAL_Driver/Src/stm32f4xx_hal_i2c.o
 .debug_ranges  0x0000000000000a50       0x18 Drivers/STM32F4xx_HAL_Driver/Src/stm32f4xx_hal_i2c_ex.o
 .debug_ranges  0x0000000000000a68       0x78 Drivers/STM32F4xx_HAL_Driver/Src/stm32f4xx_hal_rcc.o
 .debug_ranges  0x0000000000000ae0      0x220 Drivers/STM32F4xx_HAL_Driver/Src/stm32f4xx_hal_uart.o

.debug_macro    0x0000000000000000    0x25b6a
 .debug_macro   0x0000000000000000      0x1e2 Core/Src/BNO055.o
 .debug_macro   0x00000000000001e2      0xaa8 Core/Src/BNO055.o
 .debug_macro   0x0000000000000c8a       0x22 Core/Src/BNO055.o
 .debug_macro   0x0000000000000cac       0x8e Core/Src/BNO055.o
 .debug_macro   0x0000000000000d3a       0x51 Core/Src/BNO055.o
 .debug_macro   0x0000000000000d8b      0x103 Core/Src/BNO055.o
 .debug_macro   0x0000000000000e8e       0x6a Core/Src/BNO055.o
 .debug_macro   0x0000000000000ef8      0x1df Core/Src/BNO055.o
 .debug_macro   0x00000000000010d7      0x29b Core/Src/BNO055.o
 .debug_macro   0x0000000000001372       0x2e Core/Src/BNO055.o
 .debug_macro   0x00000000000013a0       0x28 Core/Src/BNO055.o
 .debug_macro   0x00000000000013c8       0x1c Core/Src/BNO055.o
 .debug_macro   0x00000000000013e4       0x22 Core/Src/BNO055.o
 .debug_macro   0x0000000000001406       0xdf Core/Src/BNO055.o
 .debug_macro   0x00000000000014e5     0x102d Core/Src/BNO055.o
 .debug_macro   0x0000000000002512      0x11f Core/Src/BNO055.o
 .debug_macro   0x0000000000002631    0x17f6a Core/Src/BNO055.o
 .debug_macro   0x000000000001a59b       0x43 Core/Src/BNO055.o
 .debug_macro   0x000000000001a5de     0x36c9 Core/Src/BNO055.o
 .debug_macro   0x000000000001dca7      0x174 Core/Src/BNO055.o
 .debug_macro   0x000000000001de1b       0x5c Core/Src/BNO055.o
 .debug_macro   0x000000000001de77      0xca5 Core/Src/BNO055.o
 .debug_macro   0x000000000001eb1c      0x9fe Core/Src/BNO055.o
 .debug_macro   0x000000000001f51a      0x117 Core/Src/BNO055.o
 .debug_macro   0x000000000001f631      0x157 Core/Src/BNO055.o
 .debug_macro   0x000000000001f788       0x82 Core/Src/BNO055.o
 .debug_macro   0x000000000001f80a      0x182 Core/Src/BNO055.o
 .debug_macro   0x000000000001f98c      0x287 Core/Src/BNO055.o
 .debug_macro   0x000000000001fc13       0x5f Core/Src/BNO055.o
 .debug_macro   0x000000000001fc72      0x236 Core/Src/BNO055.o
 .debug_macro   0x000000000001fea8      0x132 Core/Src/BNO055.o
 .debug_macro   0x000000000001ffda      0x41d Core/Src/BNO055.o
 .debug_macro   0x00000000000203f7       0x2e Core/Src/BNO055.o
 .debug_macro   0x0000000000020425      0x1b5 Core/Src/BNO055.o
 .debug_macro   0x00000000000205da       0x22 Core/Src/BNO055.o
 .debug_macro   0x00000000000205fc       0xd6 Core/Src/BNO055.o
 .debug_macro   0x00000000000206d2      0x11a Core/Src/BNO055.o
 .debug_macro   0x00000000000207ec       0xe2 Core/Src/BNO055.o
 .debug_macro   0x00000000000208ce       0x89 Core/Src/BNO055.o